2025-10-05 21:36:58,486 - INFO - Dataset loaded successfully from: D:/AlmaBetter/P01_travelPrice/data/hotels.csv
2025-10-05 21:36:58,492 - INFO - Data sampled to 5000 rows for cosine similarity calculation.
2025-10-05 21:36:58,621 - INFO - TF-IDF matrix created successfully.
2025-10-05 21:36:59,350 - INFO - Cosine similarity matrix shape: (5000, 5000)
2025-10-05 21:37:17,737 - INFO - Dataset loaded successfully from: D:/AlmaBetter/P01_travelPrice/data/hotels.csv
2025-10-05 21:37:17,750 - INFO - Dataset loaded successfully from: D:/AlmaBetter/P01_travelPrice/data/hotels.csv
2025-10-05 21:37:17,751 - INFO - Dataset loaded successfully from: D:/AlmaBetter/P01_travelPrice/data/hotels.csv
2025-10-05 21:37:17,765 - INFO - Dataset loaded successfully from: D:/AlmaBetter/P01_travelPrice/data/hotels.csv
2025-10-05 21:37:17,774 - INFO - Data sampled to 5000 rows for cosine similarity calculation.
2025-10-05 21:37:17,780 - INFO - Data sampled to 5000 rows for cosine similarity calculation.
2025-10-05 21:37:17,796 - INFO - Data sampled to 5000 rows for cosine similarity calculation.
2025-10-05 21:37:17,948 - INFO - Data sampled to 5000 rows for cosine similarity calculation.
2025-10-05 21:37:18,122 - INFO - TF-IDF matrix created successfully.
2025-10-05 21:37:18,124 - INFO - TF-IDF matrix created successfully.
2025-10-05 21:37:18,129 - INFO - TF-IDF matrix created successfully.
2025-10-05 21:37:18,130 - INFO - TF-IDF matrix created successfully.
2025-10-05 21:37:21,294 - INFO - Cosine similarity matrix shape: (5000, 5000)
2025-10-05 21:37:21,303 - INFO - Cosine similarity matrix shape: (5000, 5000)
2025-10-05 21:37:21,304 - INFO - Cosine similarity matrix shape: (5000, 5000)
2025-10-05 21:37:21,713 - INFO - Cosine similarity matrix shape: (5000, 5000)
2025-10-05 21:37:44,731 - INFO - Dataset loaded successfully from: D:/AlmaBetter/P01_travelPrice/data/hotels.csv
2025-10-05 21:37:44,754 - INFO - Data sampled to 5000 rows for cosine similarity calculation.
2025-10-05 21:37:44,870 - INFO - TF-IDF matrix created successfully.
2025-10-05 21:37:45,326 - INFO - Cosine similarity matrix shape: (5000, 5000)
2025-10-05 21:37:45,994 - INFO - Dataset loaded successfully from: D:/AlmaBetter/P01_travelPrice/data/hotels.csv
2025-10-05 21:37:46,000 - INFO - Data sampled to 5000 rows for cosine similarity calculation.
2025-10-05 21:37:46,171 - INFO - TF-IDF matrix created successfully.
2025-10-05 21:37:46,648 - INFO - Cosine similarity matrix shape: (5000, 5000)
2025-10-05 21:37:48,945 - INFO - Dataset loaded successfully from: D:/AlmaBetter/P01_travelPrice/data/hotels.csv
2025-10-05 21:37:48,953 - INFO - Data sampled to 5000 rows for cosine similarity calculation.
2025-10-05 21:37:49,089 - INFO - TF-IDF matrix created successfully.
2025-10-05 21:37:49,579 - INFO - Cosine similarity matrix shape: (5000, 5000)
2025-10-05 21:37:49,782 - INFO - Dataset loaded successfully from: D:/AlmaBetter/P01_travelPrice/data/hotels.csv
2025-10-05 21:37:49,791 - INFO - Data sampled to 5000 rows for cosine similarity calculation.
2025-10-05 21:37:50,012 - INFO - TF-IDF matrix created successfully.
2025-10-05 21:37:50,591 - INFO - Cosine similarity matrix shape: (5000, 5000)
2025-10-05 21:37:50,616 - INFO - Show Recommended Hotels button pressed.
2025-10-05 21:37:50,617 - INFO - Recommendation request received: Place=Aracaju (SE), Days=4, Price=313, Total=1252
2025-10-05 21:37:50,631 - INFO - Found 431 hotels matching basic criteria.
2025-10-05 21:37:50,663 - INFO - Returning top 431 recommended hotels.
2025-10-05 21:38:12,794 - INFO - Dataset loaded successfully from: D:/AlmaBetter/P01_travelPrice/data/hotels.csv
2025-10-05 21:38:12,815 - INFO - Data sampled to 5000 rows for cosine similarity calculation.
2025-10-05 21:38:12,927 - INFO - TF-IDF matrix created successfully.
2025-10-05 21:38:13,328 - INFO - Dataset loaded successfully from: D:/AlmaBetter/P01_travelPrice/data/hotels.csv
2025-10-05 21:38:13,335 - INFO - Data sampled to 5000 rows for cosine similarity calculation.
2025-10-05 21:38:13,575 - INFO - Cosine similarity matrix shape: (5000, 5000)
2025-10-05 21:38:13,714 - INFO - TF-IDF matrix created successfully.
2025-10-05 21:38:14,333 - INFO - Cosine similarity matrix shape: (5000, 5000)
2025-10-05 21:38:14,353 - INFO - Show Recommended Hotels button pressed.
2025-10-05 21:38:14,355 - INFO - Recommendation request received: Place=Aracaju (SE), Days=4, Price=313, Total=1067
2025-10-05 21:38:14,362 - INFO - Found 431 hotels matching basic criteria.
2025-10-05 21:38:14,405 - INFO - Returning top 431 recommended hotels.
2025-10-05 21:38:18,236 - INFO - Dataset loaded successfully from: D:/AlmaBetter/P01_travelPrice/data/hotels.csv
2025-10-05 21:38:18,240 - INFO - Data sampled to 5000 rows for cosine similarity calculation.
2025-10-05 21:38:18,400 - INFO - TF-IDF matrix created successfully.
2025-10-05 21:38:18,941 - INFO - Cosine similarity matrix shape: (5000, 5000)
2025-10-05 21:38:20,242 - INFO - Dataset loaded successfully from: D:/AlmaBetter/P01_travelPrice/data/hotels.csv
2025-10-05 21:38:20,251 - INFO - Data sampled to 5000 rows for cosine similarity calculation.
2025-10-05 21:38:20,375 - INFO - TF-IDF matrix created successfully.
2025-10-05 21:38:20,877 - INFO - Cosine similarity matrix shape: (5000, 5000)
2025-10-05 21:38:20,891 - INFO - Show Recommended Hotels button pressed.
2025-10-05 21:38:20,892 - INFO - Recommendation request received: Place=Recife (PE), Days=4, Price=313, Total=1067
2025-10-05 21:38:20,901 - INFO - Found 318 hotels matching basic criteria.
2025-10-05 21:38:20,915 - INFO - Returning top 318 recommended hotels.
2025-10-05 21:38:23,325 - INFO - Dataset loaded successfully from: D:/AlmaBetter/P01_travelPrice/data/hotels.csv
2025-10-05 21:38:23,332 - INFO - Data sampled to 5000 rows for cosine similarity calculation.
2025-10-05 21:38:23,459 - INFO - TF-IDF matrix created successfully.
2025-10-05 21:38:23,949 - INFO - Cosine similarity matrix shape: (5000, 5000)
2025-10-05 21:38:24,168 - INFO - Dataset loaded successfully from: D:/AlmaBetter/P01_travelPrice/data/hotels.csv
2025-10-05 21:38:24,172 - INFO - Data sampled to 5000 rows for cosine similarity calculation.
2025-10-05 21:38:24,282 - INFO - TF-IDF matrix created successfully.
2025-10-05 21:38:24,835 - INFO - Cosine similarity matrix shape: (5000, 5000)
2025-10-05 21:38:24,850 - INFO - Show Recommended Hotels button pressed.
2025-10-05 21:38:24,850 - INFO - Recommendation request received: Place=Recife (PE), Days=2, Price=313, Total=1067
2025-10-05 21:38:24,859 - INFO - Found 206 hotels matching basic criteria.
2025-10-05 21:38:24,865 - INFO - Returning top 206 recommended hotels.
2025-10-05 21:38:26,832 - INFO - Dataset loaded successfully from: D:/AlmaBetter/P01_travelPrice/data/hotels.csv
2025-10-05 21:38:26,838 - INFO - Data sampled to 5000 rows for cosine similarity calculation.
2025-10-05 21:38:27,029 - INFO - TF-IDF matrix created successfully.
2025-10-05 21:38:27,429 - INFO - Dataset loaded successfully from: D:/AlmaBetter/P01_travelPrice/data/hotels.csv
2025-10-05 21:38:27,433 - INFO - Data sampled to 5000 rows for cosine similarity calculation.
2025-10-05 21:38:27,576 - INFO - Cosine similarity matrix shape: (5000, 5000)
2025-10-05 21:38:27,700 - INFO - TF-IDF matrix created successfully.
2025-10-05 21:38:28,372 - INFO - Cosine similarity matrix shape: (5000, 5000)
2025-10-05 21:38:28,385 - INFO - Show Recommended Hotels button pressed.
2025-10-05 21:38:28,386 - INFO - Recommendation request received: Place=Recife (PE), Days=2, Price=264, Total=1067
2025-10-05 21:38:28,393 - WARNING - No matching hotels found after initial filtering criteria.
2025-10-05 21:38:34,896 - INFO - Dataset loaded successfully from: D:/AlmaBetter/P01_travelPrice/data/hotels.csv
2025-10-05 21:38:34,900 - INFO - Data sampled to 5000 rows for cosine similarity calculation.
2025-10-05 21:38:35,020 - INFO - TF-IDF matrix created successfully.
2025-10-05 21:38:35,518 - INFO - Cosine similarity matrix shape: (5000, 5000)
2025-10-05 21:38:36,067 - INFO - Dataset loaded successfully from: D:/AlmaBetter/P01_travelPrice/data/hotels.csv
2025-10-05 21:38:36,075 - INFO - Data sampled to 5000 rows for cosine similarity calculation.
2025-10-05 21:38:36,183 - INFO - TF-IDF matrix created successfully.
2025-10-05 21:38:36,636 - INFO - Cosine similarity matrix shape: (5000, 5000)
2025-10-05 21:38:36,649 - INFO - Show Recommended Hotels button pressed.
2025-10-05 21:38:36,653 - INFO - Recommendation request received: Place=Recife (PE), Days=2, Price=276, Total=1067
2025-10-05 21:38:36,659 - WARNING - No matching hotels found after initial filtering criteria.
2025-10-05 21:38:39,695 - INFO - Dataset loaded successfully from: D:/AlmaBetter/P01_travelPrice/data/hotels.csv
2025-10-05 21:38:39,698 - INFO - Data sampled to 5000 rows for cosine similarity calculation.
2025-10-05 21:38:39,805 - INFO - TF-IDF matrix created successfully.
2025-10-05 21:38:40,246 - INFO - Cosine similarity matrix shape: (5000, 5000)
2025-10-05 21:38:40,499 - INFO - Dataset loaded successfully from: D:/AlmaBetter/P01_travelPrice/data/hotels.csv
2025-10-05 21:38:40,509 - INFO - Data sampled to 5000 rows for cosine similarity calculation.
2025-10-05 21:38:40,622 - INFO - TF-IDF matrix created successfully.
2025-10-05 21:38:41,122 - INFO - Cosine similarity matrix shape: (5000, 5000)
2025-10-05 21:38:41,134 - INFO - Show Recommended Hotels button pressed.
2025-10-05 21:38:41,135 - INFO - Recommendation request received: Place=Recife (PE), Days=2, Price=296, Total=1067
2025-10-05 21:38:41,145 - WARNING - No matching hotels found after initial filtering criteria.
2025-10-05 21:38:48,563 - INFO - Dataset loaded successfully from: D:/AlmaBetter/P01_travelPrice/data/hotels.csv
2025-10-05 21:38:48,567 - INFO - Data sampled to 5000 rows for cosine similarity calculation.
2025-10-05 21:38:48,680 - INFO - TF-IDF matrix created successfully.
2025-10-05 21:38:49,169 - INFO - Cosine similarity matrix shape: (5000, 5000)
2025-10-05 21:38:49,525 - INFO - Dataset loaded successfully from: D:/AlmaBetter/P01_travelPrice/data/hotels.csv
2025-10-05 21:38:49,531 - INFO - Data sampled to 5000 rows for cosine similarity calculation.
2025-10-05 21:38:49,652 - INFO - TF-IDF matrix created successfully.
2025-10-05 21:38:50,149 - INFO - Cosine similarity matrix shape: (5000, 5000)
2025-10-05 21:38:50,168 - INFO - Show Recommended Hotels button pressed.
2025-10-05 21:38:50,169 - INFO - Recommendation request received: Place=Recife (PE), Days=2, Price=311, Total=1067
2025-10-05 21:38:50,183 - WARNING - No matching hotels found after initial filtering criteria.
2025-10-05 21:38:51,646 - INFO - Dataset loaded successfully from: D:/AlmaBetter/P01_travelPrice/data/hotels.csv
2025-10-05 21:38:51,649 - INFO - Data sampled to 5000 rows for cosine similarity calculation.
2025-10-05 21:38:51,812 - INFO - TF-IDF matrix created successfully.
2025-10-05 21:38:52,189 - INFO - Dataset loaded successfully from: D:/AlmaBetter/P01_travelPrice/data/hotels.csv
2025-10-05 21:38:52,192 - INFO - Data sampled to 5000 rows for cosine similarity calculation.
2025-10-05 21:38:52,323 - INFO - TF-IDF matrix created successfully.
2025-10-05 21:38:52,434 - INFO - Cosine similarity matrix shape: (5000, 5000)
2025-10-05 21:38:52,915 - INFO - Cosine similarity matrix shape: (5000, 5000)
2025-10-05 21:38:52,928 - INFO - Show Recommended Hotels button pressed.
2025-10-05 21:38:52,930 - INFO - Recommendation request received: Place=Recife (PE), Days=2, Price=311, Total=1197
2025-10-05 21:38:52,937 - WARNING - No matching hotels found after initial filtering criteria.
2025-10-05 21:38:55,941 - INFO - Dataset loaded successfully from: D:/AlmaBetter/P01_travelPrice/data/hotels.csv
2025-10-05 21:38:55,944 - INFO - Data sampled to 5000 rows for cosine similarity calculation.
2025-10-05 21:38:56,071 - INFO - TF-IDF matrix created successfully.
2025-10-05 21:38:56,606 - INFO - Cosine similarity matrix shape: (5000, 5000)
2025-10-05 21:38:57,085 - INFO - Dataset loaded successfully from: D:/AlmaBetter/P01_travelPrice/data/hotels.csv
2025-10-05 21:38:57,094 - INFO - Data sampled to 5000 rows for cosine similarity calculation.
2025-10-05 21:38:57,230 - INFO - TF-IDF matrix created successfully.
2025-10-05 21:38:57,858 - INFO - Cosine similarity matrix shape: (5000, 5000)
2025-10-05 21:38:57,896 - INFO - Show Recommended Hotels button pressed.
2025-10-05 21:38:57,912 - INFO - Recommendation request received: Place=Recife (PE), Days=4, Price=311, Total=1197
2025-10-05 21:38:57,917 - WARNING - No matching hotels found after initial filtering criteria.
2025-10-05 21:39:01,123 - INFO - Dataset loaded successfully from: D:/AlmaBetter/P01_travelPrice/data/hotels.csv
2025-10-05 21:39:01,131 - INFO - Data sampled to 5000 rows for cosine similarity calculation.
2025-10-05 21:39:01,265 - INFO - TF-IDF matrix created successfully.
2025-10-05 21:39:01,755 - INFO - Cosine similarity matrix shape: (5000, 5000)
2025-10-05 21:39:01,977 - INFO - Dataset loaded successfully from: D:/AlmaBetter/P01_travelPrice/data/hotels.csv
2025-10-05 21:39:01,983 - INFO - Data sampled to 5000 rows for cosine similarity calculation.
2025-10-05 21:39:02,107 - INFO - TF-IDF matrix created successfully.
2025-10-05 21:39:02,591 - INFO - Cosine similarity matrix shape: (5000, 5000)
2025-10-05 21:39:02,604 - INFO - Show Recommended Hotels button pressed.
2025-10-05 21:39:02,608 - INFO - Recommendation request received: Place=Recife (PE), Days=4, Price=311, Total=1252
2025-10-05 21:39:02,611 - WARNING - No matching hotels found after initial filtering criteria.
2025-10-05 21:39:06,053 - INFO - Dataset loaded successfully from: D:/AlmaBetter/P01_travelPrice/data/hotels.csv
2025-10-05 21:39:06,059 - INFO - Data sampled to 5000 rows for cosine similarity calculation.
2025-10-05 21:39:06,178 - INFO - TF-IDF matrix created successfully.
2025-10-05 21:39:06,638 - INFO - Cosine similarity matrix shape: (5000, 5000)
2025-10-05 21:39:06,932 - INFO - Dataset loaded successfully from: D:/AlmaBetter/P01_travelPrice/data/hotels.csv
2025-10-05 21:39:06,937 - INFO - Data sampled to 5000 rows for cosine similarity calculation.
2025-10-05 21:39:07,048 - INFO - TF-IDF matrix created successfully.
2025-10-05 21:39:07,560 - INFO - Cosine similarity matrix shape: (5000, 5000)
2025-10-05 21:39:07,588 - INFO - Show Recommended Hotels button pressed.
2025-10-05 21:39:07,589 - INFO - Recommendation request received: Place=Brasilia (DF), Days=4, Price=311, Total=1252
2025-10-05 21:39:07,600 - INFO - Found 411 hotels matching basic criteria.
2025-10-05 21:39:07,622 - INFO - Returning top 411 recommended hotels.
