2025-10-09 10:45:14,606 - ModelTraining - ERROR - An error occurred during model training: The DType <class 'numpy.dtypes.Int64DType'> could not be promoted by <class 'numpy.dtypes.DateTime64DType'>. This means that no common DType exists for the given inputs. For example they cannot be stored in a single array unless the dtype is `object`. The full list of DTypes is: (<class 'numpy.dtypes.Int64DType'>, <class 'numpy.dtypes.Int64DType'>, <class 'numpy.dtypes.ObjectDType'>, <class 'numpy.dtypes.ObjectDType'>, <class 'numpy.dtypes.ObjectDType'>, <class 'numpy.dtypes.Float64DType'>, <class 'numpy.dtypes.Float64DType'>, <class 'numpy.dtypes.ObjectDType'>, <class 'numpy.dtypes.DateTime64DType'>)
2025-10-09 11:58:00,558 - ModelTraining - ERROR - An error occurred during model training: cannot access local variable 'data_transformation' where it is not associated with a value
2025-10-09 11:59:05,795 - ModelTraining - ERROR - An error occurred during model training: cannot access local variable 'data_transformation' where it is not associated with a value
2025-10-09 12:01:01,455 - ModelTraining - ERROR - An error occurred during model training: setting an array element with a sequence.
2025-10-09 12:03:28,687 - ModelTraining - INFO - Data preprocessing completed successfully. and X,y split started
2025-10-09 12:03:28,754 - ModelTraining - INFO - Data split into training and testing sets successfully.
2025-10-09 12:03:28,757 - ModelTraining - ERROR - An error occurred during model training: setting an array element with a sequence.
2025-10-09 12:04:51,127 - ModelTraining - INFO - Data preprocessing completed successfully. and X,y split started
2025-10-09 12:04:51,191 - ModelTraining - INFO - Data split into training and testing sets successfully.
2025-10-09 12:04:51,194 - ModelTraining - ERROR - An error occurred during model training: setting an array element with a sequence.
2025-10-09 12:06:12,392 - ModelTraining - INFO - Data preprocessing completed successfully. and X,y split started
2025-10-09 12:06:12,455 - ModelTraining - INFO - Data split into training and testing sets successfully.
2025-10-09 12:06:12,469 - ModelTraining - ERROR - An error occurred during model training: setting an array element with a sequence.
2025-10-09 12:08:12,385 - ModelTraining - INFO - Data preprocessing completed successfully. and X,y split started
2025-10-09 12:08:12,456 - ModelTraining - INFO - Data split into training and testing sets successfully.
2025-10-09 12:08:12,480 - ModelTraining - ERROR - An error occurred during model training: setting an array element with a sequence.
2025-10-09 12:09:49,715 - ModelTraining - INFO - Data preprocessing completed successfully. and X,y split started
2025-10-09 12:09:49,809 - ModelTraining - INFO - Data split into training and testing sets successfully.
2025-10-09 12:09:49,833 - ModelTraining - ERROR - An error occurred during model training: setting an array element with a sequence.
2025-10-09 12:12:59,606 - ModelTraining - INFO - Data preprocessing completed successfully. and X,y split started
2025-10-09 12:12:59,669 - ModelTraining - INFO - Data split into training and testing sets successfully.
2025-10-09 12:12:59,680 - ModelTraining - INFO - Model training started.
2025-10-09 12:12:59,683 - ModelTraining - ERROR - An error occurred during model training: setting an array element with a sequence.
2025-10-09 12:14:44,140 - ModelTraining - INFO - Data preprocessing completed successfully. and X,y split started
2025-10-09 12:14:44,200 - ModelTraining - INFO - Data split into training and testing sets successfully.
2025-10-09 12:14:44,208 - ModelTraining - INFO - Model training started.
2025-10-09 12:14:44,211 - ModelTraining - ERROR - An error occurred during model training: setting an array element with a sequence.
2025-10-09 12:17:15,268 - ModelTraining - INFO - Data preprocessing completed successfully. and X,y split started
2025-10-09 12:17:15,340 - ModelTraining - INFO - Data split into training and testing sets successfully.
2025-10-09 12:17:15,349 - ModelTraining - INFO - Model training started.
2025-10-09 12:17:15,351 - ModelTraining - ERROR - An error occurred during model training: setting an array element with a sequence.
2025-10-09 12:18:56,185 - ModelTraining - INFO - Data preprocessing completed successfully. and X,y split started
2025-10-09 12:18:56,246 - ModelTraining - INFO - Data split into training and testing sets successfully.
2025-10-09 12:18:56,255 - ModelTraining - INFO - Model training started.
2025-10-09 12:18:56,259 - ModelTraining - ERROR - An error occurred during model training: setting an array element with a sequence.
2025-10-09 14:12:48,953 - ModelTraining - INFO - Data preprocessing completed successfully. and X,y split started
2025-10-09 14:12:49,035 - ModelTraining - INFO - Data split into training and testing sets successfully.
2025-10-09 14:12:49,053 - ModelTraining - INFO - Model training started.
2025-10-09 15:21:01,236 - ModelTraining - INFO - Data preprocessing completed successfully. and X,y split started
2025-10-09 15:21:01,316 - ModelTraining - INFO - Data split into training and testing sets successfully.
2025-10-09 15:21:01,326 - ModelTraining - INFO - Model training started.
2025-10-09 15:28:41,517 - ModelTraining - INFO - Model training completed successfully.
2025-10-09 15:28:42,267 - ModelTraining - INFO - Model Evaluation Metrics - MAE: 0.00917264886861222, MSE: 0.11093413393706995, RMSE: 0.3330677617798966
2025-10-09 15:28:42,369 - ModelTraining - INFO - Model saved successfully at D:\AlmaBetter\P01_travelPrice\src\models\travel_price_model.pkl
2025-10-09 15:28:49,857 - ModelTraining - INFO - Data preprocessing completed successfully. and X,y split started
2025-10-09 15:28:49,931 - ModelTraining - INFO - Data split into training and testing sets successfully.
2025-10-09 15:28:49,939 - ModelTraining - INFO - Model training started.
2025-10-09 15:36:26,880 - ModelTraining - INFO - Model training completed successfully.
2025-10-09 15:36:27,630 - ModelTraining - INFO - Model Evaluation Metrics - MAE: 0.00917264886861222, MSE: 0.11093413393706995, RMSE: 0.3330677617798966
2025-10-09 15:36:27,741 - ModelTraining - INFO - Model saved successfully at D:\AlmaBetter\P01_travelPrice\src\models\travel_price_model.pkl
2025-10-09 15:36:36,341 - ModelTraining - INFO - Data preprocessing completed successfully. and X,y split started
2025-10-09 15:36:36,416 - ModelTraining - INFO - Data split into training and testing sets successfully.
2025-10-09 15:36:36,427 - ModelTraining - INFO - Model training started.
2025-10-09 15:44:04,792 - ModelTraining - INFO - Model training completed successfully.
2025-10-09 15:44:05,525 - ModelTraining - INFO - Model Evaluation Metrics - MAE: 0.00917264886861222, MSE: 0.11093413393706995, RMSE: 0.3330677617798966
2025-10-09 15:44:05,621 - ModelTraining - INFO - Model saved successfully at D:\AlmaBetter\P01_travelPrice\src\models\travel_price_model.pkl
2025-10-09 17:31:00,312 - ModelTraining - INFO - Data preprocessing completed successfully. and X,y split started
2025-10-09 17:31:00,386 - ModelTraining - INFO - Data split into training and testing sets successfully.
2025-10-09 17:31:00,398 - ModelTraining - INFO - Model training started.
2025-10-09 17:38:36,919 - ModelTraining - INFO - Model training completed successfully.
2025-10-09 17:38:37,680 - ModelTraining - ERROR - An error occurred during model training: continuous is not supported
2025-10-13 09:10:44,780 - ModelTraining - INFO - Data preprocessing completed successfully. and X,y split started
2025-10-13 09:10:44,975 - ModelTraining - INFO - Data split into training and testing sets successfully.
2025-10-13 09:10:45,006 - ModelTraining - INFO - Model training started.
2025-10-13 09:22:35,070 - ModelTraining - INFO - Data preprocessing completed successfully. and X,y split started
2025-10-13 09:22:35,240 - ModelTraining - INFO - Data split into training and testing sets successfully.
2025-10-13 09:22:35,259 - ModelTraining - INFO - Model training started.
2025-10-13 09:24:07,704 - ModelTraining - INFO - Data preprocessing completed successfully. and X,y split started
2025-10-13 09:24:07,879 - ModelTraining - INFO - Data split into training and testing sets successfully.
2025-10-13 09:24:07,904 - ModelTraining - INFO - Model training started.
2025-10-13 09:24:47,578 - ModelTraining - INFO - Model training completed successfully.
2025-10-13 09:24:47,654 - ModelTraining - ERROR - An error occurred during model training: continuous is not supported
2025-10-13 09:27:01,508 - ModelTraining - INFO - Data preprocessing completed successfully. and X,y split started
2025-10-13 09:27:01,688 - ModelTraining - INFO - Data split into training and testing sets successfully.
2025-10-13 09:27:01,725 - ModelTraining - INFO - Model training started.
2025-10-13 09:30:17,976 - ModelTraining - INFO - Data preprocessing completed successfully. and X,y split started
2025-10-13 09:30:17,979 - ModelTraining - INFO - Data split into training and testing sets successfully.
2025-10-13 09:30:17,982 - ModelTraining - INFO - Model training started.
2025-10-13 09:30:18,010 - ModelTraining - INFO - Model training completed successfully.
2025-10-13 09:30:18,026 - ModelTraining - INFO - Model Evaluation Metrics - 
MAE: 20.0, 
MSE: 400.0, 
RMSE: 20.0, 
R2: nan, 
Accuracy: 0.0
2025-10-13 09:30:39,051 - ModelTraining - INFO - Data preprocessing completed successfully. and X,y split started
2025-10-13 09:30:39,154 - ModelTraining - INFO - Data split into training and testing sets successfully.
2025-10-13 09:30:39,167 - ModelTraining - INFO - Model training started.
2025-10-13 09:31:14,331 - ModelTraining - INFO - Model training completed successfully.
2025-10-13 09:31:14,445 - ModelTraining - ERROR - An error occurred during model training: continuous is not supported
2025-10-13 09:37:05,249 - ModelTraining - INFO - Data preprocessing completed successfully. and X,y split started
2025-10-13 09:37:05,457 - ModelTraining - INFO - Data split into training and testing sets successfully.
2025-10-13 09:37:05,527 - ModelTraining - INFO - Model training started.
2025-10-13 09:37:54,025 - ModelTraining - INFO - Data preprocessing completed successfully. and X,y split started
2025-10-13 09:37:54,029 - ModelTraining - INFO - Data split into training and testing sets successfully.
2025-10-13 09:37:54,039 - ModelTraining - INFO - Model training started.
2025-10-13 09:37:54,115 - ModelTraining - INFO - Model training completed successfully.
2025-10-13 09:37:54,118 - ModelTraining - INFO - Model evaluation started.
2025-10-13 09:37:54,123 - ModelTraining - INFO - Model evaluation started. yPred calculated
2025-10-13 09:37:54,137 - ModelTraining - INFO - Model evaluation started. mae and mse completed
2025-10-13 09:37:54,161 - ModelTraining - INFO - Model evaluation started. rmse and r2 calculated
2025-10-13 09:37:54,169 - ModelTraining - INFO - Model Evaluation Metrics - 
MAE: 20.0, 
MSE: 400.0, 
RMSE: 20.0, 
R2: nan
2025-10-13 09:38:13,015 - ModelTraining - INFO - Data preprocessing completed successfully. and X,y split started
2025-10-13 09:38:13,172 - ModelTraining - INFO - Data split into training and testing sets successfully.
2025-10-13 09:38:13,205 - ModelTraining - INFO - Model training started.
2025-10-13 09:38:51,175 - ModelTraining - INFO - Model training completed successfully.
2025-10-13 09:38:51,176 - ModelTraining - INFO - Model evaluation started.
2025-10-13 09:38:51,247 - ModelTraining - INFO - Model evaluation started. yPred calculated
2025-10-13 09:38:51,254 - ModelTraining - INFO - Model evaluation started. mae and mse completed
2025-10-13 09:38:51,259 - ModelTraining - INFO - Model evaluation started. rmse and r2 calculated
2025-10-13 09:38:51,260 - ModelTraining - INFO - Model Evaluation Metrics - 
MAE: 0.007434513960845409, 
MSE: 0.21594222729781426, 
RMSE: 0.46469584385683316, 
R2: 0.9999983612086805
2025-10-13 09:38:51,293 - ModelTraining - INFO - Model saved successfully at D:\AlmaBetter\P01_travelPrice\src\models\travel_price_model.pkl
