{"timestamp":"2025-10-28T16:32:09.947846Z","level":"info","event":"Filling up the DagBag from /opt/airflow/dags/travel_airflow.py","logger":"airflow.models.dagbag.DagBag","filename":"dagbag.py","lineno":593}
{"timestamp":"2025-10-28T16:32:10.108319Z","level":"warning","event":"The `airflow.operators.python.PythonOperator` attribute is deprecated. Please use `'airflow.providers.standard.operators.python.PythonOperator'`.","category":"DeprecatedImportWarning","filename":"/opt/airflow/dags/travel_airflow.py","lineno":3,"logger":"py.warnings"}
{"timestamp":"2025-10-28T16:32:41.454819Z","level":"info","event":"Filling up the DagBag from /opt/airflow/dags/travel_airflow.py","logger":"airflow.models.dagbag.DagBag","filename":"dagbag.py","lineno":593}
{"timestamp":"2025-10-28T16:32:41.500246Z","level":"warning","event":"The `airflow.operators.python.PythonOperator` attribute is deprecated. Please use `'airflow.providers.standard.operators.python.PythonOperator'`.","category":"DeprecatedImportWarning","filename":"/opt/airflow/dags/travel_airflow.py","lineno":3,"logger":"py.warnings"}
{"timestamp":"2025-10-28T16:33:12.718772Z","level":"info","event":"Filling up the DagBag from /opt/airflow/dags/travel_airflow.py","logger":"airflow.models.dagbag.DagBag","filename":"dagbag.py","lineno":593}
{"timestamp":"2025-10-28T16:33:12.760482Z","level":"warning","event":"The `airflow.operators.python.PythonOperator` attribute is deprecated. Please use `'airflow.providers.standard.operators.python.PythonOperator'`.","category":"DeprecatedImportWarning","filename":"/opt/airflow/dags/travel_airflow.py","lineno":3,"logger":"py.warnings"}
{"timestamp":"2025-10-28T16:33:38.878955Z","level":"info","event":"Filling up the DagBag from /opt/airflow/dags/travel_airflow.py","logger":"airflow.models.dagbag.DagBag","filename":"dagbag.py","lineno":593}
{"timestamp":"2025-10-28T16:33:38.942875Z","level":"warning","event":"The `airflow.operators.python.PythonOperator` attribute is deprecated. Please use `'airflow.providers.standard.operators.python.PythonOperator'`.","category":"DeprecatedImportWarning","filename":"/opt/airflow/dags/travel_airflow.py","lineno":3,"logger":"py.warnings"}
{"timestamp":"2025-10-28T16:34:09.333314Z","level":"info","event":"Filling up the DagBag from /opt/airflow/dags/travel_airflow.py","logger":"airflow.models.dagbag.DagBag","filename":"dagbag.py","lineno":593}
{"timestamp":"2025-10-28T16:34:09.402214Z","level":"warning","event":"The `airflow.operators.python.PythonOperator` attribute is deprecated. Please use `'airflow.providers.standard.operators.python.PythonOperator'`.","category":"DeprecatedImportWarning","filename":"/opt/airflow/dags/travel_airflow.py","lineno":3,"logger":"py.warnings"}
{"timestamp":"2025-10-28T16:34:43.027233Z","level":"info","event":"Filling up the DagBag from /opt/airflow/dags/travel_airflow.py","logger":"airflow.models.dagbag.DagBag","filename":"dagbag.py","lineno":593}
{"timestamp":"2025-10-28T16:34:43.408325Z","level":"warning","event":"The `airflow.operators.python.PythonOperator` attribute is deprecated. Please use `'airflow.providers.standard.operators.python.PythonOperator'`.","category":"DeprecatedImportWarning","filename":"/opt/airflow/dags/travel_airflow.py","lineno":3,"logger":"py.warnings"}
{"timestamp":"2025-10-28T16:35:16.065466Z","level":"info","event":"Filling up the DagBag from /opt/airflow/dags/travel_airflow.py","logger":"airflow.models.dagbag.DagBag","filename":"dagbag.py","lineno":593}
{"timestamp":"2025-10-28T16:35:16.146747Z","level":"warning","event":"The `airflow.operators.python.PythonOperator` attribute is deprecated. Please use `'airflow.providers.standard.operators.python.PythonOperator'`.","category":"DeprecatedImportWarning","filename":"/opt/airflow/dags/travel_airflow.py","lineno":3,"logger":"py.warnings"}
{"timestamp":"2025-10-28T16:35:47.545016Z","level":"info","event":"Filling up the DagBag from /opt/airflow/dags/travel_airflow.py","logger":"airflow.models.dagbag.DagBag","filename":"dagbag.py","lineno":593}
{"timestamp":"2025-10-28T16:35:47.639631Z","level":"warning","event":"The `airflow.operators.python.PythonOperator` attribute is deprecated. Please use `'airflow.providers.standard.operators.python.PythonOperator'`.","category":"DeprecatedImportWarning","filename":"/opt/airflow/dags/travel_airflow.py","lineno":3,"logger":"py.warnings"}
{"timestamp":"2025-10-28T16:36:18.907988Z","level":"info","event":"Filling up the DagBag from /opt/airflow/dags/travel_airflow.py","logger":"airflow.models.dagbag.DagBag","filename":"dagbag.py","lineno":593}
{"timestamp":"2025-10-28T16:36:18.968717Z","level":"warning","event":"The `airflow.operators.python.PythonOperator` attribute is deprecated. Please use `'airflow.providers.standard.operators.python.PythonOperator'`.","category":"DeprecatedImportWarning","filename":"/opt/airflow/dags/travel_airflow.py","lineno":3,"logger":"py.warnings"}
{"timestamp":"2025-10-28T16:36:50.447181Z","level":"info","event":"Filling up the DagBag from /opt/airflow/dags/travel_airflow.py","logger":"airflow.models.dagbag.DagBag","filename":"dagbag.py","lineno":593}
{"timestamp":"2025-10-28T16:36:50.508924Z","level":"warning","event":"The `airflow.operators.python.PythonOperator` attribute is deprecated. Please use `'airflow.providers.standard.operators.python.PythonOperator'`.","category":"DeprecatedImportWarning","filename":"/opt/airflow/dags/travel_airflow.py","lineno":3,"logger":"py.warnings"}
{"timestamp":"2025-10-28T16:37:21.382352Z","level":"info","event":"Filling up the DagBag from /opt/airflow/dags/travel_airflow.py","logger":"airflow.models.dagbag.DagBag","filename":"dagbag.py","lineno":593}
{"timestamp":"2025-10-28T16:37:21.467524Z","level":"warning","event":"The `airflow.operators.python.PythonOperator` attribute is deprecated. Please use `'airflow.providers.standard.operators.python.PythonOperator'`.","category":"DeprecatedImportWarning","filename":"/opt/airflow/dags/travel_airflow.py","lineno":3,"logger":"py.warnings"}
{"timestamp":"2025-10-28T16:37:52.360109Z","level":"info","event":"Filling up the DagBag from /opt/airflow/dags/travel_airflow.py","logger":"airflow.models.dagbag.DagBag","filename":"dagbag.py","lineno":593}
{"timestamp":"2025-10-28T16:37:52.405680Z","level":"warning","event":"The `airflow.operators.python.PythonOperator` attribute is deprecated. Please use `'airflow.providers.standard.operators.python.PythonOperator'`.","category":"DeprecatedImportWarning","filename":"/opt/airflow/dags/travel_airflow.py","lineno":3,"logger":"py.warnings"}
{"timestamp":"2025-10-28T16:38:23.257231Z","level":"info","event":"Filling up the DagBag from /opt/airflow/dags/travel_airflow.py","logger":"airflow.models.dagbag.DagBag","filename":"dagbag.py","lineno":593}
{"timestamp":"2025-10-28T16:38:23.294481Z","level":"warning","event":"The `airflow.operators.python.PythonOperator` attribute is deprecated. Please use `'airflow.providers.standard.operators.python.PythonOperator'`.","category":"DeprecatedImportWarning","filename":"/opt/airflow/dags/travel_airflow.py","lineno":3,"logger":"py.warnings"}
{"timestamp":"2025-10-28T16:38:54.615192Z","level":"info","event":"Filling up the DagBag from /opt/airflow/dags/travel_airflow.py","logger":"airflow.models.dagbag.DagBag","filename":"dagbag.py","lineno":593}
{"timestamp":"2025-10-28T16:38:54.680894Z","level":"warning","event":"The `airflow.operators.python.PythonOperator` attribute is deprecated. Please use `'airflow.providers.standard.operators.python.PythonOperator'`.","category":"DeprecatedImportWarning","filename":"/opt/airflow/dags/travel_airflow.py","lineno":3,"logger":"py.warnings"}
{"timestamp":"2025-10-28T16:39:26.323578Z","level":"info","event":"Filling up the DagBag from /opt/airflow/dags/travel_airflow.py","logger":"airflow.models.dagbag.DagBag","filename":"dagbag.py","lineno":593}
{"timestamp":"2025-10-28T16:39:26.383422Z","level":"warning","event":"The `airflow.operators.python.PythonOperator` attribute is deprecated. Please use `'airflow.providers.standard.operators.python.PythonOperator'`.","category":"DeprecatedImportWarning","filename":"/opt/airflow/dags/travel_airflow.py","lineno":3,"logger":"py.warnings"}
{"timestamp":"2025-10-28T16:39:44.894930Z","level":"info","event":"Filling up the DagBag from /opt/airflow/dags/travel_airflow.py","logger":"airflow.models.dagbag.DagBag","filename":"dagbag.py","lineno":593}
{"timestamp":"2025-10-28T16:39:44.997083Z","level":"info","event":"this is data collection task :","logger":"task.stdout"}
{"timestamp":"2025-10-28T16:39:44.997682Z","level":"info","event":"this is data transformation task :","logger":"task.stdout"}
{"timestamp":"2025-10-28T16:39:44.998194Z","level":"info","event":"this is data encoding task :","logger":"task.stdout"}
{"timestamp":"2025-10-28T16:39:44.998709Z","level":"info","event":"this is model training task :","logger":"task.stdout"}
{"timestamp":"2025-10-28T16:39:44.999533Z","level":"error","event":"Failed to import: /opt/airflow/dags/travel_airflow.py","logger":"airflow.models.dagbag.DagBag","filename":"dagbag.py","lineno":415,"error_detail":[{"exc_type":"ValueError","exc_value":"The key 'data load' has to be made of alphanumeric characters, dashes, dots, and underscores exclusively","exc_notes":[],"syntax_error":null,"is_cause":false,"frames":[{"filename":"/home/airflow/.local/lib/python3.12/site-packages/airflow/models/dagbag.py","lineno":405,"name":"parse"},{"filename":"<frozen importlib._bootstrap_external>","lineno":999,"name":"exec_module"},{"filename":"<frozen importlib._bootstrap>","lineno":488,"name":"_call_with_frames_removed"},{"filename":"/opt/airflow/dags/travel_airflow.py","lineno":50,"name":"<module>"},{"filename":"/home/airflow/.local/lib/python3.12/site-packages/airflow/sdk/bases/operator.py","lineno":521,"name":"apply_defaults"},{"filename":"/home/airflow/.local/lib/python3.12/site-packages/airflow/providers/standard/operators/python.py","lineno":186,"name":"__init__"},{"filename":"/home/airflow/.local/lib/python3.12/site-packages/airflow/sdk/bases/operator.py","lineno":521,"name":"apply_defaults"},{"filename":"/home/airflow/.local/lib/python3.12/site-packages/airflow/sdk/bases/operator.py","lineno":1055,"name":"__init__"},{"filename":"/home/airflow/.local/lib/python3.12/site-packages/airflow/sdk/definitions/_internal/node.py","lineno":50,"name":"validate_key"}],"is_group":false,"exceptions":[]}]}
{"timestamp":"2025-10-28T16:39:45.047652Z","level":"warning","event":"The `airflow.operators.python.PythonOperator` attribute is deprecated. Please use `'airflow.providers.standard.operators.python.PythonOperator'`.","category":"DeprecatedImportWarning","filename":"/opt/airflow/dags/travel_airflow.py","lineno":3,"logger":"py.warnings"}
{"timestamp":"2025-10-28T16:40:16.146829Z","level":"info","event":"Filling up the DagBag from /opt/airflow/dags/travel_airflow.py","logger":"airflow.models.dagbag.DagBag","filename":"dagbag.py","lineno":593}
{"timestamp":"2025-10-28T16:40:16.282513Z","level":"error","event":"Failed to import: /opt/airflow/dags/travel_airflow.py","logger":"airflow.models.dagbag.DagBag","filename":"dagbag.py","lineno":415,"error_detail":[{"exc_type":"ValueError","exc_value":"The key 'data load' has to be made of alphanumeric characters, dashes, dots, and underscores exclusively","exc_notes":[],"syntax_error":null,"is_cause":false,"frames":[{"filename":"/home/airflow/.local/lib/python3.12/site-packages/airflow/models/dagbag.py","lineno":405,"name":"parse"},{"filename":"<frozen importlib._bootstrap_external>","lineno":999,"name":"exec_module"},{"filename":"<frozen importlib._bootstrap>","lineno":488,"name":"_call_with_frames_removed"},{"filename":"/opt/airflow/dags/travel_airflow.py","lineno":50,"name":"<module>"},{"filename":"/home/airflow/.local/lib/python3.12/site-packages/airflow/sdk/bases/operator.py","lineno":521,"name":"apply_defaults"},{"filename":"/home/airflow/.local/lib/python3.12/site-packages/airflow/providers/standard/operators/python.py","lineno":186,"name":"__init__"},{"filename":"/home/airflow/.local/lib/python3.12/site-packages/airflow/sdk/bases/operator.py","lineno":521,"name":"apply_defaults"},{"filename":"/home/airflow/.local/lib/python3.12/site-packages/airflow/sdk/bases/operator.py","lineno":1055,"name":"__init__"},{"filename":"/home/airflow/.local/lib/python3.12/site-packages/airflow/sdk/definitions/_internal/node.py","lineno":50,"name":"validate_key"}],"is_group":false,"exceptions":[]}]}
{"timestamp":"2025-10-28T16:40:16.296577Z","level":"warning","event":"The `airflow.operators.python.PythonOperator` attribute is deprecated. Please use `'airflow.providers.standard.operators.python.PythonOperator'`.","category":"DeprecatedImportWarning","filename":"/opt/airflow/dags/travel_airflow.py","lineno":3,"logger":"py.warnings"}
{"timestamp":"2025-10-28T16:40:16.405796Z","level":"info","event":"this is data collection task :","logger":"task.stdout"}
{"timestamp":"2025-10-28T16:40:16.411364Z","level":"info","event":"this is data transformation task :","logger":"task.stdout"}
{"timestamp":"2025-10-28T16:40:16.412620Z","level":"info","event":"this is data encoding task :","logger":"task.stdout"}
{"timestamp":"2025-10-28T16:40:16.413725Z","level":"info","event":"this is model training task :","logger":"task.stdout"}
{"timestamp":"2025-10-28T16:40:46.941036Z","level":"info","event":"Filling up the DagBag from /opt/airflow/dags/travel_airflow.py","logger":"airflow.models.dagbag.DagBag","filename":"dagbag.py","lineno":593}
{"timestamp":"2025-10-28T16:40:47.008877Z","level":"error","event":"Failed to import: /opt/airflow/dags/travel_airflow.py","logger":"airflow.models.dagbag.DagBag","filename":"dagbag.py","lineno":415,"error_detail":[{"exc_type":"ValueError","exc_value":"The key 'data load' has to be made of alphanumeric characters, dashes, dots, and underscores exclusively","exc_notes":[],"syntax_error":null,"is_cause":false,"frames":[{"filename":"/home/airflow/.local/lib/python3.12/site-packages/airflow/models/dagbag.py","lineno":405,"name":"parse"},{"filename":"<frozen importlib._bootstrap_external>","lineno":999,"name":"exec_module"},{"filename":"<frozen importlib._bootstrap>","lineno":488,"name":"_call_with_frames_removed"},{"filename":"/opt/airflow/dags/travel_airflow.py","lineno":50,"name":"<module>"},{"filename":"/home/airflow/.local/lib/python3.12/site-packages/airflow/sdk/bases/operator.py","lineno":521,"name":"apply_defaults"},{"filename":"/home/airflow/.local/lib/python3.12/site-packages/airflow/providers/standard/operators/python.py","lineno":186,"name":"__init__"},{"filename":"/home/airflow/.local/lib/python3.12/site-packages/airflow/sdk/bases/operator.py","lineno":521,"name":"apply_defaults"},{"filename":"/home/airflow/.local/lib/python3.12/site-packages/airflow/sdk/bases/operator.py","lineno":1055,"name":"__init__"},{"filename":"/home/airflow/.local/lib/python3.12/site-packages/airflow/sdk/definitions/_internal/node.py","lineno":50,"name":"validate_key"}],"is_group":false,"exceptions":[]}]}
{"timestamp":"2025-10-28T16:40:47.024165Z","level":"warning","event":"The `airflow.operators.python.PythonOperator` attribute is deprecated. Please use `'airflow.providers.standard.operators.python.PythonOperator'`.","category":"DeprecatedImportWarning","filename":"/opt/airflow/dags/travel_airflow.py","lineno":3,"logger":"py.warnings"}
{"timestamp":"2025-10-28T16:40:47.140163Z","level":"info","event":"this is data collection task :","logger":"task.stdout"}
{"timestamp":"2025-10-28T16:40:47.141074Z","level":"info","event":"this is data transformation task :","logger":"task.stdout"}
{"timestamp":"2025-10-28T16:40:47.141651Z","level":"info","event":"this is data encoding task :","logger":"task.stdout"}
{"timestamp":"2025-10-28T16:40:47.142295Z","level":"info","event":"this is model training task :","logger":"task.stdout"}
{"timestamp":"2025-10-28T16:41:17.912619Z","level":"info","event":"Filling up the DagBag from /opt/airflow/dags/travel_airflow.py","logger":"airflow.models.dagbag.DagBag","filename":"dagbag.py","lineno":593}
{"timestamp":"2025-10-28T16:41:17.967147Z","level":"error","event":"Failed to import: /opt/airflow/dags/travel_airflow.py","logger":"airflow.models.dagbag.DagBag","filename":"dagbag.py","lineno":415,"error_detail":[{"exc_type":"ValueError","exc_value":"The key 'data load' has to be made of alphanumeric characters, dashes, dots, and underscores exclusively","exc_notes":[],"syntax_error":null,"is_cause":false,"frames":[{"filename":"/home/airflow/.local/lib/python3.12/site-packages/airflow/models/dagbag.py","lineno":405,"name":"parse"},{"filename":"<frozen importlib._bootstrap_external>","lineno":999,"name":"exec_module"},{"filename":"<frozen importlib._bootstrap>","lineno":488,"name":"_call_with_frames_removed"},{"filename":"/opt/airflow/dags/travel_airflow.py","lineno":50,"name":"<module>"},{"filename":"/home/airflow/.local/lib/python3.12/site-packages/airflow/sdk/bases/operator.py","lineno":521,"name":"apply_defaults"},{"filename":"/home/airflow/.local/lib/python3.12/site-packages/airflow/providers/standard/operators/python.py","lineno":186,"name":"__init__"},{"filename":"/home/airflow/.local/lib/python3.12/site-packages/airflow/sdk/bases/operator.py","lineno":521,"name":"apply_defaults"},{"filename":"/home/airflow/.local/lib/python3.12/site-packages/airflow/sdk/bases/operator.py","lineno":1055,"name":"__init__"},{"filename":"/home/airflow/.local/lib/python3.12/site-packages/airflow/sdk/definitions/_internal/node.py","lineno":50,"name":"validate_key"}],"is_group":false,"exceptions":[]}]}
{"timestamp":"2025-10-28T16:41:17.979091Z","level":"warning","event":"The `airflow.operators.python.PythonOperator` attribute is deprecated. Please use `'airflow.providers.standard.operators.python.PythonOperator'`.","category":"DeprecatedImportWarning","filename":"/opt/airflow/dags/travel_airflow.py","lineno":3,"logger":"py.warnings"}
{"timestamp":"2025-10-28T16:41:18.085776Z","level":"info","event":"this is data collection task :","logger":"task.stdout"}
{"timestamp":"2025-10-28T16:41:18.086227Z","level":"info","event":"this is data transformation task :","logger":"task.stdout"}
{"timestamp":"2025-10-28T16:41:18.086759Z","level":"info","event":"this is data encoding task :","logger":"task.stdout"}
{"timestamp":"2025-10-28T16:41:18.087341Z","level":"info","event":"this is model training task :","logger":"task.stdout"}
{"timestamp":"2025-10-28T16:41:48.395838Z","level":"info","event":"Filling up the DagBag from /opt/airflow/dags/travel_airflow.py","logger":"airflow.models.dagbag.DagBag","filename":"dagbag.py","lineno":593}
{"timestamp":"2025-10-28T16:41:48.448995Z","level":"error","event":"Failed to import: /opt/airflow/dags/travel_airflow.py","logger":"airflow.models.dagbag.DagBag","filename":"dagbag.py","lineno":415,"error_detail":[{"exc_type":"ValueError","exc_value":"The key 'data load' has to be made of alphanumeric characters, dashes, dots, and underscores exclusively","exc_notes":[],"syntax_error":null,"is_cause":false,"frames":[{"filename":"/home/airflow/.local/lib/python3.12/site-packages/airflow/models/dagbag.py","lineno":405,"name":"parse"},{"filename":"<frozen importlib._bootstrap_external>","lineno":999,"name":"exec_module"},{"filename":"<frozen importlib._bootstrap>","lineno":488,"name":"_call_with_frames_removed"},{"filename":"/opt/airflow/dags/travel_airflow.py","lineno":50,"name":"<module>"},{"filename":"/home/airflow/.local/lib/python3.12/site-packages/airflow/sdk/bases/operator.py","lineno":521,"name":"apply_defaults"},{"filename":"/home/airflow/.local/lib/python3.12/site-packages/airflow/providers/standard/operators/python.py","lineno":186,"name":"__init__"},{"filename":"/home/airflow/.local/lib/python3.12/site-packages/airflow/sdk/bases/operator.py","lineno":521,"name":"apply_defaults"},{"filename":"/home/airflow/.local/lib/python3.12/site-packages/airflow/sdk/bases/operator.py","lineno":1055,"name":"__init__"},{"filename":"/home/airflow/.local/lib/python3.12/site-packages/airflow/sdk/definitions/_internal/node.py","lineno":50,"name":"validate_key"}],"is_group":false,"exceptions":[]}]}
{"timestamp":"2025-10-28T16:41:48.460204Z","level":"warning","event":"The `airflow.operators.python.PythonOperator` attribute is deprecated. Please use `'airflow.providers.standard.operators.python.PythonOperator'`.","category":"DeprecatedImportWarning","filename":"/opt/airflow/dags/travel_airflow.py","lineno":3,"logger":"py.warnings"}
{"timestamp":"2025-10-28T16:41:48.601334Z","level":"info","event":"this is data collection task :","logger":"task.stdout"}
{"timestamp":"2025-10-28T16:41:48.602204Z","level":"info","event":"this is data transformation task :","logger":"task.stdout"}
{"timestamp":"2025-10-28T16:41:48.603567Z","level":"info","event":"this is data encoding task :","logger":"task.stdout"}
{"timestamp":"2025-10-28T16:41:48.604589Z","level":"info","event":"this is model training task :","logger":"task.stdout"}
{"timestamp":"2025-10-28T16:41:51.357516Z","level":"info","event":"Filling up the DagBag from /opt/airflow/dags/travel_airflow.py","logger":"airflow.models.dagbag.DagBag","filename":"dagbag.py","lineno":593}
{"timestamp":"2025-10-28T16:41:52.006669Z","level":"error","event":"Failed to import: /opt/airflow/dags/travel_airflow.py","logger":"airflow.models.dagbag.DagBag","filename":"dagbag.py","lineno":415,"error_detail":[{"exc_type":"AirflowException","exc_value":"`python_callable` param must be callable","exc_notes":[],"syntax_error":null,"is_cause":false,"frames":[{"filename":"/home/airflow/.local/lib/python3.12/site-packages/airflow/models/dagbag.py","lineno":405,"name":"parse"},{"filename":"<frozen importlib._bootstrap_external>","lineno":999,"name":"exec_module"},{"filename":"<frozen importlib._bootstrap>","lineno":488,"name":"_call_with_frames_removed"},{"filename":"/opt/airflow/dags/travel_airflow.py","lineno":50,"name":"<module>"},{"filename":"/home/airflow/.local/lib/python3.12/site-packages/airflow/sdk/bases/operator.py","lineno":521,"name":"apply_defaults"},{"filename":"/home/airflow/.local/lib/python3.12/site-packages/airflow/providers/standard/operators/python.py","lineno":188,"name":"__init__"}],"is_group":false,"exceptions":[]}]}
{"timestamp":"2025-10-28T16:41:52.071251Z","level":"warning","event":"The `airflow.operators.python.PythonOperator` attribute is deprecated. Please use `'airflow.providers.standard.operators.python.PythonOperator'`.","category":"DeprecatedImportWarning","filename":"/opt/airflow/dags/travel_airflow.py","lineno":3,"logger":"py.warnings"}
{"timestamp":"2025-10-28T16:41:52.452368Z","level":"info","event":"this is data collection task :","logger":"task.stdout"}
{"timestamp":"2025-10-28T16:41:52.463252Z","level":"info","event":"this is data transformation task :","logger":"task.stdout"}
{"timestamp":"2025-10-28T16:41:52.466824Z","level":"info","event":"this is data encoding task :","logger":"task.stdout"}
{"timestamp":"2025-10-28T16:41:52.468445Z","level":"info","event":"this is model training task :","logger":"task.stdout"}
{"timestamp":"2025-10-28T16:42:23.169387Z","level":"info","event":"Filling up the DagBag from /opt/airflow/dags/travel_airflow.py","logger":"airflow.models.dagbag.DagBag","filename":"dagbag.py","lineno":593}
{"timestamp":"2025-10-28T16:42:23.220964Z","level":"error","event":"Failed to import: /opt/airflow/dags/travel_airflow.py","logger":"airflow.models.dagbag.DagBag","filename":"dagbag.py","lineno":415,"error_detail":[{"exc_type":"AirflowException","exc_value":"`python_callable` param must be callable","exc_notes":[],"syntax_error":null,"is_cause":false,"frames":[{"filename":"/home/airflow/.local/lib/python3.12/site-packages/airflow/models/dagbag.py","lineno":405,"name":"parse"},{"filename":"<frozen importlib._bootstrap_external>","lineno":999,"name":"exec_module"},{"filename":"<frozen importlib._bootstrap>","lineno":488,"name":"_call_with_frames_removed"},{"filename":"/opt/airflow/dags/travel_airflow.py","lineno":50,"name":"<module>"},{"filename":"/home/airflow/.local/lib/python3.12/site-packages/airflow/sdk/bases/operator.py","lineno":521,"name":"apply_defaults"},{"filename":"/home/airflow/.local/lib/python3.12/site-packages/airflow/providers/standard/operators/python.py","lineno":188,"name":"__init__"}],"is_group":false,"exceptions":[]}]}
{"timestamp":"2025-10-28T16:42:23.229919Z","level":"warning","event":"The `airflow.operators.python.PythonOperator` attribute is deprecated. Please use `'airflow.providers.standard.operators.python.PythonOperator'`.","category":"DeprecatedImportWarning","filename":"/opt/airflow/dags/travel_airflow.py","lineno":3,"logger":"py.warnings"}
{"timestamp":"2025-10-28T16:42:23.356516Z","level":"info","event":"this is data collection task :","logger":"task.stdout"}
{"timestamp":"2025-10-28T16:42:23.357715Z","level":"info","event":"this is data transformation task :","logger":"task.stdout"}
{"timestamp":"2025-10-28T16:42:23.358490Z","level":"info","event":"this is data encoding task :","logger":"task.stdout"}
{"timestamp":"2025-10-28T16:42:23.359711Z","level":"info","event":"this is model training task :","logger":"task.stdout"}
{"timestamp":"2025-10-28T16:42:54.106147Z","level":"info","event":"Filling up the DagBag from /opt/airflow/dags/travel_airflow.py","logger":"airflow.models.dagbag.DagBag","filename":"dagbag.py","lineno":593}
{"timestamp":"2025-10-28T16:42:54.150435Z","level":"error","event":"Failed to import: /opt/airflow/dags/travel_airflow.py","logger":"airflow.models.dagbag.DagBag","filename":"dagbag.py","lineno":415,"error_detail":[{"exc_type":"AirflowException","exc_value":"`python_callable` param must be callable","exc_notes":[],"syntax_error":null,"is_cause":false,"frames":[{"filename":"/home/airflow/.local/lib/python3.12/site-packages/airflow/models/dagbag.py","lineno":405,"name":"parse"},{"filename":"<frozen importlib._bootstrap_external>","lineno":999,"name":"exec_module"},{"filename":"<frozen importlib._bootstrap>","lineno":488,"name":"_call_with_frames_removed"},{"filename":"/opt/airflow/dags/travel_airflow.py","lineno":50,"name":"<module>"},{"filename":"/home/airflow/.local/lib/python3.12/site-packages/airflow/sdk/bases/operator.py","lineno":521,"name":"apply_defaults"},{"filename":"/home/airflow/.local/lib/python3.12/site-packages/airflow/providers/standard/operators/python.py","lineno":188,"name":"__init__"}],"is_group":false,"exceptions":[]}]}
{"timestamp":"2025-10-28T16:42:54.158548Z","level":"warning","event":"The `airflow.operators.python.PythonOperator` attribute is deprecated. Please use `'airflow.providers.standard.operators.python.PythonOperator'`.","category":"DeprecatedImportWarning","filename":"/opt/airflow/dags/travel_airflow.py","lineno":3,"logger":"py.warnings"}
{"timestamp":"2025-10-28T16:42:54.254508Z","level":"info","event":"this is data collection task :","logger":"task.stdout"}
{"timestamp":"2025-10-28T16:42:54.254988Z","level":"info","event":"this is data transformation task :","logger":"task.stdout"}
{"timestamp":"2025-10-28T16:42:54.255366Z","level":"info","event":"this is data encoding task :","logger":"task.stdout"}
{"timestamp":"2025-10-28T16:42:54.255734Z","level":"info","event":"this is model training task :","logger":"task.stdout"}
{"timestamp":"2025-10-28T16:43:24.120555Z","level":"info","event":"Filling up the DagBag from /opt/airflow/dags/travel_airflow.py","logger":"airflow.models.dagbag.DagBag","filename":"dagbag.py","lineno":593}
{"timestamp":"2025-10-28T16:43:24.659455Z","level":"warning","event":"The `airflow.operators.python.PythonOperator` attribute is deprecated. Please use `'airflow.providers.standard.operators.python.PythonOperator'`.","category":"DeprecatedImportWarning","filename":"/opt/airflow/dags/travel_airflow.py","lineno":3,"logger":"py.warnings"}
{"timestamp":"2025-10-28T16:43:55.997764Z","level":"info","event":"Filling up the DagBag from /opt/airflow/dags/travel_airflow.py","logger":"airflow.models.dagbag.DagBag","filename":"dagbag.py","lineno":593}
{"timestamp":"2025-10-28T16:43:56.063369Z","level":"warning","event":"The `airflow.operators.python.PythonOperator` attribute is deprecated. Please use `'airflow.providers.standard.operators.python.PythonOperator'`.","category":"DeprecatedImportWarning","filename":"/opt/airflow/dags/travel_airflow.py","lineno":3,"logger":"py.warnings"}
{"timestamp":"2025-10-28T16:44:27.802942Z","level":"info","event":"Filling up the DagBag from /opt/airflow/dags/travel_airflow.py","logger":"airflow.models.dagbag.DagBag","filename":"dagbag.py","lineno":593}
{"timestamp":"2025-10-28T16:44:27.928417Z","level":"warning","event":"The `airflow.operators.python.PythonOperator` attribute is deprecated. Please use `'airflow.providers.standard.operators.python.PythonOperator'`.","category":"DeprecatedImportWarning","filename":"/opt/airflow/dags/travel_airflow.py","lineno":3,"logger":"py.warnings"}
{"timestamp":"2025-10-28T16:44:59.421586Z","level":"info","event":"Filling up the DagBag from /opt/airflow/dags/travel_airflow.py","logger":"airflow.models.dagbag.DagBag","filename":"dagbag.py","lineno":593}
{"timestamp":"2025-10-28T16:45:00.530073Z","level":"warning","event":"The `airflow.operators.python.PythonOperator` attribute is deprecated. Please use `'airflow.providers.standard.operators.python.PythonOperator'`.","category":"DeprecatedImportWarning","filename":"/opt/airflow/dags/travel_airflow.py","lineno":3,"logger":"py.warnings"}
{"timestamp":"2025-10-28T16:45:33.888540Z","level":"info","event":"Filling up the DagBag from /opt/airflow/dags/travel_airflow.py","logger":"airflow.models.dagbag.DagBag","filename":"dagbag.py","lineno":593}
{"timestamp":"2025-10-28T16:45:34.262208Z","level":"warning","event":"The `airflow.operators.python.PythonOperator` attribute is deprecated. Please use `'airflow.providers.standard.operators.python.PythonOperator'`.","category":"DeprecatedImportWarning","filename":"/opt/airflow/dags/travel_airflow.py","lineno":3,"logger":"py.warnings"}
{"timestamp":"2025-10-28T16:46:08.053582Z","level":"info","event":"Filling up the DagBag from /opt/airflow/dags/travel_airflow.py","logger":"airflow.models.dagbag.DagBag","filename":"dagbag.py","lineno":593}
{"timestamp":"2025-10-28T16:46:08.398347Z","level":"warning","event":"The `airflow.operators.python.PythonOperator` attribute is deprecated. Please use `'airflow.providers.standard.operators.python.PythonOperator'`.","category":"DeprecatedImportWarning","filename":"/opt/airflow/dags/travel_airflow.py","lineno":3,"logger":"py.warnings"}
{"timestamp":"2025-10-28T16:46:41.742818Z","level":"info","event":"Filling up the DagBag from /opt/airflow/dags/travel_airflow.py","logger":"airflow.models.dagbag.DagBag","filename":"dagbag.py","lineno":593}
{"timestamp":"2025-10-28T16:46:41.956224Z","level":"warning","event":"The `airflow.operators.python.PythonOperator` attribute is deprecated. Please use `'airflow.providers.standard.operators.python.PythonOperator'`.","category":"DeprecatedImportWarning","filename":"/opt/airflow/dags/travel_airflow.py","lineno":3,"logger":"py.warnings"}
{"timestamp":"2025-10-28T16:47:14.972114Z","level":"info","event":"Filling up the DagBag from /opt/airflow/dags/travel_airflow.py","logger":"airflow.models.dagbag.DagBag","filename":"dagbag.py","lineno":593}
{"timestamp":"2025-10-28T16:47:15.041263Z","level":"warning","event":"The `airflow.operators.python.PythonOperator` attribute is deprecated. Please use `'airflow.providers.standard.operators.python.PythonOperator'`.","category":"DeprecatedImportWarning","filename":"/opt/airflow/dags/travel_airflow.py","lineno":3,"logger":"py.warnings"}
{"timestamp":"2025-10-28T16:47:45.744431Z","level":"info","event":"Filling up the DagBag from /opt/airflow/dags/travel_airflow.py","logger":"airflow.models.dagbag.DagBag","filename":"dagbag.py","lineno":593}
{"timestamp":"2025-10-28T16:47:45.809509Z","level":"warning","event":"The `airflow.operators.python.PythonOperator` attribute is deprecated. Please use `'airflow.providers.standard.operators.python.PythonOperator'`.","category":"DeprecatedImportWarning","filename":"/opt/airflow/dags/travel_airflow.py","lineno":3,"logger":"py.warnings"}
{"timestamp":"2025-10-28T16:48:16.385055Z","level":"info","event":"Filling up the DagBag from /opt/airflow/dags/travel_airflow.py","logger":"airflow.models.dagbag.DagBag","filename":"dagbag.py","lineno":593}
{"timestamp":"2025-10-28T16:48:16.885955Z","level":"warning","event":"The `airflow.operators.python.PythonOperator` attribute is deprecated. Please use `'airflow.providers.standard.operators.python.PythonOperator'`.","category":"DeprecatedImportWarning","filename":"/opt/airflow/dags/travel_airflow.py","lineno":3,"logger":"py.warnings"}
{"timestamp":"2025-10-28T16:48:48.878162Z","level":"info","event":"Filling up the DagBag from /opt/airflow/dags/travel_airflow.py","logger":"airflow.models.dagbag.DagBag","filename":"dagbag.py","lineno":593}
{"timestamp":"2025-10-28T16:48:48.991645Z","level":"warning","event":"The `airflow.operators.python.PythonOperator` attribute is deprecated. Please use `'airflow.providers.standard.operators.python.PythonOperator'`.","category":"DeprecatedImportWarning","filename":"/opt/airflow/dags/travel_airflow.py","lineno":3,"logger":"py.warnings"}
{"timestamp":"2025-10-28T16:49:19.899914Z","level":"info","event":"Filling up the DagBag from /opt/airflow/dags/travel_airflow.py","logger":"airflow.models.dagbag.DagBag","filename":"dagbag.py","lineno":593}
{"timestamp":"2025-10-28T16:49:20.007457Z","level":"warning","event":"The `airflow.operators.python.PythonOperator` attribute is deprecated. Please use `'airflow.providers.standard.operators.python.PythonOperator'`.","category":"DeprecatedImportWarning","filename":"/opt/airflow/dags/travel_airflow.py","lineno":3,"logger":"py.warnings"}
{"timestamp":"2025-10-28T16:49:50.645332Z","level":"info","event":"Filling up the DagBag from /opt/airflow/dags/travel_airflow.py","logger":"airflow.models.dagbag.DagBag","filename":"dagbag.py","lineno":593}
{"timestamp":"2025-10-28T16:49:50.721675Z","level":"warning","event":"The `airflow.operators.python.PythonOperator` attribute is deprecated. Please use `'airflow.providers.standard.operators.python.PythonOperator'`.","category":"DeprecatedImportWarning","filename":"/opt/airflow/dags/travel_airflow.py","lineno":3,"logger":"py.warnings"}
{"timestamp":"2025-10-28T16:50:22.340776Z","level":"info","event":"Filling up the DagBag from /opt/airflow/dags/travel_airflow.py","logger":"airflow.models.dagbag.DagBag","filename":"dagbag.py","lineno":593}
{"timestamp":"2025-10-28T16:50:24.160743Z","level":"warning","event":"The `airflow.operators.python.PythonOperator` attribute is deprecated. Please use `'airflow.providers.standard.operators.python.PythonOperator'`.","category":"DeprecatedImportWarning","filename":"/opt/airflow/dags/travel_airflow.py","lineno":3,"logger":"py.warnings"}
{"timestamp":"2025-10-28T16:50:56.744445Z","level":"info","event":"Filling up the DagBag from /opt/airflow/dags/travel_airflow.py","logger":"airflow.models.dagbag.DagBag","filename":"dagbag.py","lineno":593}
{"timestamp":"2025-10-28T16:50:56.948546Z","level":"warning","event":"The `airflow.operators.python.PythonOperator` attribute is deprecated. Please use `'airflow.providers.standard.operators.python.PythonOperator'`.","category":"DeprecatedImportWarning","filename":"/opt/airflow/dags/travel_airflow.py","lineno":3,"logger":"py.warnings"}
{"timestamp":"2025-10-28T16:51:28.090339Z","level":"info","event":"Filling up the DagBag from /opt/airflow/dags/travel_airflow.py","logger":"airflow.models.dagbag.DagBag","filename":"dagbag.py","lineno":593}
{"timestamp":"2025-10-28T16:51:28.134173Z","level":"warning","event":"The `airflow.operators.python.PythonOperator` attribute is deprecated. Please use `'airflow.providers.standard.operators.python.PythonOperator'`.","category":"DeprecatedImportWarning","filename":"/opt/airflow/dags/travel_airflow.py","lineno":3,"logger":"py.warnings"}
{"timestamp":"2025-10-28T16:51:58.828241Z","level":"info","event":"Filling up the DagBag from /opt/airflow/dags/travel_airflow.py","logger":"airflow.models.dagbag.DagBag","filename":"dagbag.py","lineno":593}
{"timestamp":"2025-10-28T16:51:58.883211Z","level":"warning","event":"The `airflow.operators.python.PythonOperator` attribute is deprecated. Please use `'airflow.providers.standard.operators.python.PythonOperator'`.","category":"DeprecatedImportWarning","filename":"/opt/airflow/dags/travel_airflow.py","lineno":3,"logger":"py.warnings"}
{"timestamp":"2025-10-28T16:52:30.080206Z","level":"info","event":"Filling up the DagBag from /opt/airflow/dags/travel_airflow.py","logger":"airflow.models.dagbag.DagBag","filename":"dagbag.py","lineno":593}
{"timestamp":"2025-10-28T16:52:30.137457Z","level":"warning","event":"The `airflow.operators.python.PythonOperator` attribute is deprecated. Please use `'airflow.providers.standard.operators.python.PythonOperator'`.","category":"DeprecatedImportWarning","filename":"/opt/airflow/dags/travel_airflow.py","lineno":3,"logger":"py.warnings"}
{"timestamp":"2025-10-28T16:53:00.912438Z","level":"info","event":"Filling up the DagBag from /opt/airflow/dags/travel_airflow.py","logger":"airflow.models.dagbag.DagBag","filename":"dagbag.py","lineno":593}
{"timestamp":"2025-10-28T16:53:00.959148Z","level":"warning","event":"The `airflow.operators.python.PythonOperator` attribute is deprecated. Please use `'airflow.providers.standard.operators.python.PythonOperator'`.","category":"DeprecatedImportWarning","filename":"/opt/airflow/dags/travel_airflow.py","lineno":3,"logger":"py.warnings"}
{"timestamp":"2025-10-28T16:53:31.417184Z","level":"info","event":"Filling up the DagBag from /opt/airflow/dags/travel_airflow.py","logger":"airflow.models.dagbag.DagBag","filename":"dagbag.py","lineno":593}
{"timestamp":"2025-10-28T16:53:31.487590Z","level":"warning","event":"The `airflow.operators.python.PythonOperator` attribute is deprecated. Please use `'airflow.providers.standard.operators.python.PythonOperator'`.","category":"DeprecatedImportWarning","filename":"/opt/airflow/dags/travel_airflow.py","lineno":3,"logger":"py.warnings"}
{"timestamp":"2025-10-28T16:54:02.196270Z","level":"info","event":"Filling up the DagBag from /opt/airflow/dags/travel_airflow.py","logger":"airflow.models.dagbag.DagBag","filename":"dagbag.py","lineno":593}
{"timestamp":"2025-10-28T16:54:02.235342Z","level":"warning","event":"The `airflow.operators.python.PythonOperator` attribute is deprecated. Please use `'airflow.providers.standard.operators.python.PythonOperator'`.","category":"DeprecatedImportWarning","filename":"/opt/airflow/dags/travel_airflow.py","lineno":3,"logger":"py.warnings"}
{"timestamp":"2025-10-28T16:54:32.632737Z","level":"info","event":"Filling up the DagBag from /opt/airflow/dags/travel_airflow.py","logger":"airflow.models.dagbag.DagBag","filename":"dagbag.py","lineno":593}
{"timestamp":"2025-10-28T16:54:32.692855Z","level":"warning","event":"The `airflow.operators.python.PythonOperator` attribute is deprecated. Please use `'airflow.providers.standard.operators.python.PythonOperator'`.","category":"DeprecatedImportWarning","filename":"/opt/airflow/dags/travel_airflow.py","lineno":3,"logger":"py.warnings"}
{"timestamp":"2025-10-28T16:55:03.248139Z","level":"info","event":"Filling up the DagBag from /opt/airflow/dags/travel_airflow.py","logger":"airflow.models.dagbag.DagBag","filename":"dagbag.py","lineno":593}
{"timestamp":"2025-10-28T16:55:03.285458Z","level":"warning","event":"The `airflow.operators.python.PythonOperator` attribute is deprecated. Please use `'airflow.providers.standard.operators.python.PythonOperator'`.","category":"DeprecatedImportWarning","filename":"/opt/airflow/dags/travel_airflow.py","lineno":3,"logger":"py.warnings"}
{"timestamp":"2025-10-28T16:55:34.095795Z","level":"info","event":"Filling up the DagBag from /opt/airflow/dags/travel_airflow.py","logger":"airflow.models.dagbag.DagBag","filename":"dagbag.py","lineno":593}
{"timestamp":"2025-10-28T16:55:34.148161Z","level":"warning","event":"The `airflow.operators.python.PythonOperator` attribute is deprecated. Please use `'airflow.providers.standard.operators.python.PythonOperator'`.","category":"DeprecatedImportWarning","filename":"/opt/airflow/dags/travel_airflow.py","lineno":3,"logger":"py.warnings"}
{"timestamp":"2025-10-28T16:56:05.172923Z","level":"info","event":"Filling up the DagBag from /opt/airflow/dags/travel_airflow.py","logger":"airflow.models.dagbag.DagBag","filename":"dagbag.py","lineno":593}
{"timestamp":"2025-10-28T16:56:05.212941Z","level":"warning","event":"The `airflow.operators.python.PythonOperator` attribute is deprecated. Please use `'airflow.providers.standard.operators.python.PythonOperator'`.","category":"DeprecatedImportWarning","filename":"/opt/airflow/dags/travel_airflow.py","lineno":3,"logger":"py.warnings"}
{"timestamp":"2025-10-28T16:56:35.999935Z","level":"info","event":"Filling up the DagBag from /opt/airflow/dags/travel_airflow.py","logger":"airflow.models.dagbag.DagBag","filename":"dagbag.py","lineno":593}
{"timestamp":"2025-10-28T16:56:36.048402Z","level":"warning","event":"The `airflow.operators.python.PythonOperator` attribute is deprecated. Please use `'airflow.providers.standard.operators.python.PythonOperator'`.","category":"DeprecatedImportWarning","filename":"/opt/airflow/dags/travel_airflow.py","lineno":3,"logger":"py.warnings"}
{"timestamp":"2025-10-28T16:57:06.335992Z","level":"info","event":"Filling up the DagBag from /opt/airflow/dags/travel_airflow.py","logger":"airflow.models.dagbag.DagBag","filename":"dagbag.py","lineno":593}
{"timestamp":"2025-10-28T16:57:06.379058Z","level":"warning","event":"The `airflow.operators.python.PythonOperator` attribute is deprecated. Please use `'airflow.providers.standard.operators.python.PythonOperator'`.","category":"DeprecatedImportWarning","filename":"/opt/airflow/dags/travel_airflow.py","lineno":3,"logger":"py.warnings"}
{"timestamp":"2025-10-28T16:57:36.893801Z","level":"info","event":"Filling up the DagBag from /opt/airflow/dags/travel_airflow.py","logger":"airflow.models.dagbag.DagBag","filename":"dagbag.py","lineno":593}
{"timestamp":"2025-10-28T16:57:36.939333Z","level":"warning","event":"The `airflow.operators.python.PythonOperator` attribute is deprecated. Please use `'airflow.providers.standard.operators.python.PythonOperator'`.","category":"DeprecatedImportWarning","filename":"/opt/airflow/dags/travel_airflow.py","lineno":3,"logger":"py.warnings"}
{"timestamp":"2025-10-28T16:58:07.542393Z","level":"info","event":"Filling up the DagBag from /opt/airflow/dags/travel_airflow.py","logger":"airflow.models.dagbag.DagBag","filename":"dagbag.py","lineno":593}
{"timestamp":"2025-10-28T16:58:07.591251Z","level":"warning","event":"The `airflow.operators.python.PythonOperator` attribute is deprecated. Please use `'airflow.providers.standard.operators.python.PythonOperator'`.","category":"DeprecatedImportWarning","filename":"/opt/airflow/dags/travel_airflow.py","lineno":3,"logger":"py.warnings"}
{"timestamp":"2025-10-28T16:58:38.102284Z","level":"info","event":"Filling up the DagBag from /opt/airflow/dags/travel_airflow.py","logger":"airflow.models.dagbag.DagBag","filename":"dagbag.py","lineno":593}
{"timestamp":"2025-10-28T16:58:38.160175Z","level":"warning","event":"The `airflow.operators.python.PythonOperator` attribute is deprecated. Please use `'airflow.providers.standard.operators.python.PythonOperator'`.","category":"DeprecatedImportWarning","filename":"/opt/airflow/dags/travel_airflow.py","lineno":3,"logger":"py.warnings"}
{"timestamp":"2025-10-28T16:59:08.830237Z","level":"info","event":"Filling up the DagBag from /opt/airflow/dags/travel_airflow.py","logger":"airflow.models.dagbag.DagBag","filename":"dagbag.py","lineno":593}
{"timestamp":"2025-10-28T16:59:08.873043Z","level":"warning","event":"The `airflow.operators.python.PythonOperator` attribute is deprecated. Please use `'airflow.providers.standard.operators.python.PythonOperator'`.","category":"DeprecatedImportWarning","filename":"/opt/airflow/dags/travel_airflow.py","lineno":3,"logger":"py.warnings"}
{"timestamp":"2025-10-28T16:59:39.873336Z","level":"info","event":"Filling up the DagBag from /opt/airflow/dags/travel_airflow.py","logger":"airflow.models.dagbag.DagBag","filename":"dagbag.py","lineno":593}
{"timestamp":"2025-10-28T16:59:39.935982Z","level":"warning","event":"The `airflow.operators.python.PythonOperator` attribute is deprecated. Please use `'airflow.providers.standard.operators.python.PythonOperator'`.","category":"DeprecatedImportWarning","filename":"/opt/airflow/dags/travel_airflow.py","lineno":3,"logger":"py.warnings"}
{"timestamp":"2025-10-28T17:00:10.711550Z","level":"info","event":"Filling up the DagBag from /opt/airflow/dags/travel_airflow.py","logger":"airflow.models.dagbag.DagBag","filename":"dagbag.py","lineno":593}
{"timestamp":"2025-10-28T17:00:10.762309Z","level":"warning","event":"The `airflow.operators.python.PythonOperator` attribute is deprecated. Please use `'airflow.providers.standard.operators.python.PythonOperator'`.","category":"DeprecatedImportWarning","filename":"/opt/airflow/dags/travel_airflow.py","lineno":3,"logger":"py.warnings"}
{"timestamp":"2025-10-28T17:00:41.672097Z","level":"info","event":"Filling up the DagBag from /opt/airflow/dags/travel_airflow.py","logger":"airflow.models.dagbag.DagBag","filename":"dagbag.py","lineno":593}
{"timestamp":"2025-10-28T17:00:41.812295Z","level":"warning","event":"The `airflow.operators.python.PythonOperator` attribute is deprecated. Please use `'airflow.providers.standard.operators.python.PythonOperator'`.","category":"DeprecatedImportWarning","filename":"/opt/airflow/dags/travel_airflow.py","lineno":3,"logger":"py.warnings"}
{"timestamp":"2025-10-28T17:01:13.163752Z","level":"info","event":"Filling up the DagBag from /opt/airflow/dags/travel_airflow.py","logger":"airflow.models.dagbag.DagBag","filename":"dagbag.py","lineno":593}
{"timestamp":"2025-10-28T17:01:13.252770Z","level":"warning","event":"The `airflow.operators.python.PythonOperator` attribute is deprecated. Please use `'airflow.providers.standard.operators.python.PythonOperator'`.","category":"DeprecatedImportWarning","filename":"/opt/airflow/dags/travel_airflow.py","lineno":3,"logger":"py.warnings"}
{"timestamp":"2025-10-28T17:01:44.166146Z","level":"info","event":"Filling up the DagBag from /opt/airflow/dags/travel_airflow.py","logger":"airflow.models.dagbag.DagBag","filename":"dagbag.py","lineno":593}
{"timestamp":"2025-10-28T17:01:44.276355Z","level":"warning","event":"The `airflow.operators.python.PythonOperator` attribute is deprecated. Please use `'airflow.providers.standard.operators.python.PythonOperator'`.","category":"DeprecatedImportWarning","filename":"/opt/airflow/dags/travel_airflow.py","lineno":3,"logger":"py.warnings"}
{"timestamp":"2025-10-28T17:02:14.893536Z","level":"info","event":"Filling up the DagBag from /opt/airflow/dags/travel_airflow.py","logger":"airflow.models.dagbag.DagBag","filename":"dagbag.py","lineno":593}
{"timestamp":"2025-10-28T17:02:14.945082Z","level":"warning","event":"The `airflow.operators.python.PythonOperator` attribute is deprecated. Please use `'airflow.providers.standard.operators.python.PythonOperator'`.","category":"DeprecatedImportWarning","filename":"/opt/airflow/dags/travel_airflow.py","lineno":3,"logger":"py.warnings"}
{"timestamp":"2025-10-28T17:02:45.682577Z","level":"info","event":"Filling up the DagBag from /opt/airflow/dags/travel_airflow.py","logger":"airflow.models.dagbag.DagBag","filename":"dagbag.py","lineno":593}
{"timestamp":"2025-10-28T17:02:45.735365Z","level":"warning","event":"The `airflow.operators.python.PythonOperator` attribute is deprecated. Please use `'airflow.providers.standard.operators.python.PythonOperator'`.","category":"DeprecatedImportWarning","filename":"/opt/airflow/dags/travel_airflow.py","lineno":3,"logger":"py.warnings"}
{"timestamp":"2025-10-28T17:03:16.323952Z","level":"info","event":"Filling up the DagBag from /opt/airflow/dags/travel_airflow.py","logger":"airflow.models.dagbag.DagBag","filename":"dagbag.py","lineno":593}
{"timestamp":"2025-10-28T17:03:16.369463Z","level":"warning","event":"The `airflow.operators.python.PythonOperator` attribute is deprecated. Please use `'airflow.providers.standard.operators.python.PythonOperator'`.","category":"DeprecatedImportWarning","filename":"/opt/airflow/dags/travel_airflow.py","lineno":3,"logger":"py.warnings"}
{"timestamp":"2025-10-28T17:03:47.200841Z","level":"info","event":"Filling up the DagBag from /opt/airflow/dags/travel_airflow.py","logger":"airflow.models.dagbag.DagBag","filename":"dagbag.py","lineno":593}
{"timestamp":"2025-10-28T17:03:47.254012Z","level":"warning","event":"The `airflow.operators.python.PythonOperator` attribute is deprecated. Please use `'airflow.providers.standard.operators.python.PythonOperator'`.","category":"DeprecatedImportWarning","filename":"/opt/airflow/dags/travel_airflow.py","lineno":3,"logger":"py.warnings"}
{"timestamp":"2025-10-28T17:04:18.574215Z","level":"info","event":"Filling up the DagBag from /opt/airflow/dags/travel_airflow.py","logger":"airflow.models.dagbag.DagBag","filename":"dagbag.py","lineno":593}
{"timestamp":"2025-10-28T17:04:18.636277Z","level":"warning","event":"The `airflow.operators.python.PythonOperator` attribute is deprecated. Please use `'airflow.providers.standard.operators.python.PythonOperator'`.","category":"DeprecatedImportWarning","filename":"/opt/airflow/dags/travel_airflow.py","lineno":3,"logger":"py.warnings"}
{"timestamp":"2025-10-28T17:04:49.660780Z","level":"info","event":"Filling up the DagBag from /opt/airflow/dags/travel_airflow.py","logger":"airflow.models.dagbag.DagBag","filename":"dagbag.py","lineno":593}
{"timestamp":"2025-10-28T17:04:49.741947Z","level":"warning","event":"The `airflow.operators.python.PythonOperator` attribute is deprecated. Please use `'airflow.providers.standard.operators.python.PythonOperator'`.","category":"DeprecatedImportWarning","filename":"/opt/airflow/dags/travel_airflow.py","lineno":3,"logger":"py.warnings"}
{"timestamp":"2025-10-28T17:05:20.844979Z","level":"info","event":"Filling up the DagBag from /opt/airflow/dags/travel_airflow.py","logger":"airflow.models.dagbag.DagBag","filename":"dagbag.py","lineno":593}
{"timestamp":"2025-10-28T17:05:21.045146Z","level":"warning","event":"The `airflow.operators.python.PythonOperator` attribute is deprecated. Please use `'airflow.providers.standard.operators.python.PythonOperator'`.","category":"DeprecatedImportWarning","filename":"/opt/airflow/dags/travel_airflow.py","lineno":3,"logger":"py.warnings"}
{"timestamp":"2025-10-28T17:05:52.200178Z","level":"info","event":"Filling up the DagBag from /opt/airflow/dags/travel_airflow.py","logger":"airflow.models.dagbag.DagBag","filename":"dagbag.py","lineno":593}
{"timestamp":"2025-10-28T17:05:52.259716Z","level":"warning","event":"The `airflow.operators.python.PythonOperator` attribute is deprecated. Please use `'airflow.providers.standard.operators.python.PythonOperator'`.","category":"DeprecatedImportWarning","filename":"/opt/airflow/dags/travel_airflow.py","lineno":3,"logger":"py.warnings"}
{"timestamp":"2025-10-28T17:06:23.308473Z","level":"info","event":"Filling up the DagBag from /opt/airflow/dags/travel_airflow.py","logger":"airflow.models.dagbag.DagBag","filename":"dagbag.py","lineno":593}
{"timestamp":"2025-10-28T17:06:23.389318Z","level":"warning","event":"The `airflow.operators.python.PythonOperator` attribute is deprecated. Please use `'airflow.providers.standard.operators.python.PythonOperator'`.","category":"DeprecatedImportWarning","filename":"/opt/airflow/dags/travel_airflow.py","lineno":3,"logger":"py.warnings"}
{"timestamp":"2025-10-28T17:06:54.303084Z","level":"info","event":"Filling up the DagBag from /opt/airflow/dags/travel_airflow.py","logger":"airflow.models.dagbag.DagBag","filename":"dagbag.py","lineno":593}
{"timestamp":"2025-10-28T17:06:54.360003Z","level":"warning","event":"The `airflow.operators.python.PythonOperator` attribute is deprecated. Please use `'airflow.providers.standard.operators.python.PythonOperator'`.","category":"DeprecatedImportWarning","filename":"/opt/airflow/dags/travel_airflow.py","lineno":3,"logger":"py.warnings"}
{"timestamp":"2025-10-28T17:07:08.420134Z","level":"info","event":"Filling up the DagBag from /opt/airflow/dags/travel_airflow.py","logger":"airflow.models.dagbag.DagBag","filename":"dagbag.py","lineno":593}
{"timestamp":"2025-10-28T17:07:38.816644Z","level":"error","event":"Process timed out, PID: 297","logger":"airflow.models.dagbag","filename":"dagbag.py","lineno":134}
{"timestamp":"2025-10-28T17:07:38.826890Z","level":"error","event":"Failed to import: /opt/airflow/dags/travel_airflow.py","logger":"airflow.models.dagbag.DagBag","filename":"dagbag.py","lineno":415,"error_detail":[{"exc_type":"AirflowTaskTimeout","exc_value":"DagBag import timeout for /opt/airflow/dags/travel_airflow.py after 30.0s.\nPlease take a look at these docs to improve your DAG import time:\n* https://airflow.apache.org/docs/apache-airflow/3.1.1/best-practices.html#top-level-python-code\n* https://airflow.apache.org/docs/apache-airflow/3.1.1/best-practices.html#reducing-dag-complexity, PID: 297","exc_notes":[],"syntax_error":null,"is_cause":false,"frames":[{"filename":"/home/airflow/.local/lib/python3.12/site-packages/airflow/models/dagbag.py","lineno":405,"name":"parse"},{"filename":"<frozen importlib._bootstrap_external>","lineno":999,"name":"exec_module"},{"filename":"<frozen importlib._bootstrap>","lineno":488,"name":"_call_with_frames_removed"},{"filename":"/opt/airflow/dags/travel_airflow.py","lineno":4,"name":"<module>"},{"filename":"/home/airflow/.local/lib/python3.12/site-packages/pandas/__init__.py","lineno":46,"name":"<module>"},{"filename":"/home/airflow/.local/lib/python3.12/site-packages/pandas/core/api.py","lineno":47,"name":"<module>"},{"filename":"/home/airflow/.local/lib/python3.12/site-packages/pandas/core/groupby/__init__.py","lineno":1,"name":"<module>"},{"filename":"/home/airflow/.local/lib/python3.12/site-packages/pandas/core/groupby/generic.py","lineno":67,"name":"<module>"},{"filename":"/home/airflow/.local/lib/python3.12/site-packages/airflow/models/dagbag.py","lineno":135,"name":"handle_timeout"}],"is_group":false,"exceptions":[]}]}
{"timestamp":"2025-10-28T17:07:38.889302Z","level":"warning","event":"The `airflow.operators.python.PythonOperator` attribute is deprecated. Please use `'airflow.providers.standard.operators.python.PythonOperator'`.","category":"DeprecatedImportWarning","filename":"/opt/airflow/dags/travel_airflow.py","lineno":3,"logger":"py.warnings"}
{"timestamp":"2025-10-28T17:08:09.706057Z","level":"info","event":"Filling up the DagBag from /opt/airflow/dags/travel_airflow.py","logger":"airflow.models.dagbag.DagBag","filename":"dagbag.py","lineno":593}
{"timestamp":"2025-10-28T17:08:43.165691Z","level":"error","event":"Process timed out, PID: 310","logger":"airflow.models.dagbag","filename":"dagbag.py","lineno":134}
{"timestamp":"2025-10-28T17:08:43.179254Z","level":"error","event":"Exception ignored in: <function WeakSet.__init__.<locals>._remove at 0x7878cea798a0>","logger":"task.stderr"}
{"timestamp":"2025-10-28T17:08:43.180520Z","level":"error","event":"Traceback (most recent call last):","logger":"task.stderr"}
{"timestamp":"2025-10-28T17:08:43.181964Z","level":"error","event":"  File \"/usr/python/lib/python3.12/_weakrefset.py\", line 39, in _remove","logger":"task.stderr"}
{"timestamp":"2025-10-28T17:08:45.839550Z","level":"error","event":"    def _remove(item, selfref=ref(self)):","logger":"task.stderr"}
{"timestamp":"2025-10-28T17:08:45.841079Z","level":"error","event":"","logger":"task.stderr"}
{"timestamp":"2025-10-28T17:08:45.842082Z","level":"error","event":"  File \"/home/airflow/.local/lib/python3.12/site-packages/airflow/models/dagbag.py\", line 135, in handle_timeout","logger":"task.stderr"}
{"timestamp":"2025-10-28T17:08:45.844230Z","level":"error","event":"    raise AirflowTaskTimeout(error_message)","logger":"task.stderr"}
{"timestamp":"2025-10-28T17:08:45.848473Z","level":"error","event":"airflow.exceptions.AirflowTaskTimeout: DagBag import timeout for /opt/airflow/dags/travel_airflow.py after 30.0s.","logger":"task.stderr"}
{"timestamp":"2025-10-28T17:08:45.849775Z","level":"error","event":"Please take a look at these docs to improve your DAG import time:","logger":"task.stderr"}
{"timestamp":"2025-10-28T17:08:45.857663Z","level":"error","event":"* https://airflow.apache.org/docs/apache-airflow/3.1.1/best-practices.html#top-level-python-code","logger":"task.stderr"}
{"timestamp":"2025-10-28T17:08:45.858987Z","level":"error","event":"* https://airflow.apache.org/docs/apache-airflow/3.1.1/best-practices.html#reducing-dag-complexity, PID: 310","logger":"task.stderr"}
{"timestamp":"2025-10-28T17:09:38.483515Z","level":"info","event":"Filling up the DagBag from /opt/airflow/dags/travel_airflow.py","logger":"airflow.models.dagbag.DagBag","filename":"dagbag.py","lineno":593}
{"timestamp":"2025-10-28T17:10:09.681755Z","level":"error","event":"Process timed out, PID: 326","logger":"airflow.models.dagbag","filename":"dagbag.py","lineno":134}
{"timestamp":"2025-10-28T17:10:09.693285Z","level":"error","event":"Failed to import: /opt/airflow/dags/travel_airflow.py","logger":"airflow.models.dagbag.DagBag","filename":"dagbag.py","lineno":415,"error_detail":[{"exc_type":"AirflowTaskTimeout","exc_value":"DagBag import timeout for /opt/airflow/dags/travel_airflow.py after 30.0s.\nPlease take a look at these docs to improve your DAG import time:\n* https://airflow.apache.org/docs/apache-airflow/3.1.1/best-practices.html#top-level-python-code\n* https://airflow.apache.org/docs/apache-airflow/3.1.1/best-practices.html#reducing-dag-complexity, PID: 326","exc_notes":[],"syntax_error":null,"is_cause":false,"frames":[{"filename":"/home/airflow/.local/lib/python3.12/site-packages/airflow/models/dagbag.py","lineno":405,"name":"parse"},{"filename":"<frozen importlib._bootstrap_external>","lineno":999,"name":"exec_module"},{"filename":"<frozen importlib._bootstrap>","lineno":488,"name":"_call_with_frames_removed"},{"filename":"/opt/airflow/dags/travel_airflow.py","lineno":6,"name":"<module>"},{"filename":"/home/airflow/.local/lib/python3.12/site-packages/sklearn/__init__.py","lineno":73,"name":"<module>"},{"filename":"/home/airflow/.local/lib/python3.12/site-packages/sklearn/base.py","lineno":19,"name":"<module>"},{"filename":"/home/airflow/.local/lib/python3.12/site-packages/sklearn/utils/__init__.py","lineno":9,"name":"<module>"},{"filename":"/home/airflow/.local/lib/python3.12/site-packages/sklearn/utils/_chunking.py","lineno":11,"name":"<module>"},{"filename":"/home/airflow/.local/lib/python3.12/site-packages/sklearn/utils/_param_validation.py","lineno":17,"name":"<module>"},{"filename":"/home/airflow/.local/lib/python3.12/site-packages/sklearn/utils/validation.py","lineno":21,"name":"<module>"},{"filename":"/home/airflow/.local/lib/python3.12/site-packages/sklearn/utils/_array_api.py","lineno":20,"name":"<module>"},{"filename":"/home/airflow/.local/lib/python3.12/site-packages/sklearn/utils/fixes.py","lineno":16,"name":"<module>"},{"filename":"/home/airflow/.local/lib/python3.12/site-packages/scipy/stats/__init__.py","lineno":626,"name":"<module>"},{"filename":"/home/airflow/.local/lib/python3.12/site-packages/scipy/stats/_stats_py.py","lineno":52,"name":"<module>"},{"filename":"/home/airflow/.local/lib/python3.12/site-packages/scipy/stats/distributions.py","lineno":10,"name":"<module>"},{"filename":"/home/airflow/.local/lib/python3.12/site-packages/scipy/stats/_continuous_distns.py","lineno":10432,"name":"<module>"},{"filename":"/home/airflow/.local/lib/python3.12/site-packages/scipy/stats/_distn_infrastructure.py","lineno":1911,"name":"__init__"},{"filename":"/home/airflow/.local/lib/python3.12/site-packages/scipy/stats/_distn_infrastructure.py","lineno":863,"name":"_construct_doc"},{"filename":"/home/airflow/.local/lib/python3.12/site-packages/scipy/_lib/doccer.py","lineno":77,"name":"docformat"},{"filename":"/home/airflow/.local/lib/python3.12/site-packages/airflow/models/dagbag.py","lineno":135,"name":"handle_timeout"}],"is_group":false,"exceptions":[]}]}
{"timestamp":"2025-10-28T17:10:09.750004Z","level":"warning","event":"The `airflow.operators.python.PythonOperator` attribute is deprecated. Please use `'airflow.providers.standard.operators.python.PythonOperator'`.","category":"DeprecatedImportWarning","filename":"/opt/airflow/dags/travel_airflow.py","lineno":3,"logger":"py.warnings"}
{"timestamp":"2025-10-28T17:10:42.046683Z","level":"info","event":"Filling up the DagBag from /opt/airflow/dags/travel_airflow.py","logger":"airflow.models.dagbag.DagBag","filename":"dagbag.py","lineno":593}
{"timestamp":"2025-10-28T17:10:48.545931Z","level":"warning","event":"The `airflow.operators.python.PythonOperator` attribute is deprecated. Please use `'airflow.providers.standard.operators.python.PythonOperator'`.","category":"DeprecatedImportWarning","filename":"/opt/airflow/dags/travel_airflow.py","lineno":3,"logger":"py.warnings"}
{"timestamp":"2025-10-28T17:11:19.382767Z","level":"info","event":"Filling up the DagBag from /opt/airflow/dags/travel_airflow.py","logger":"airflow.models.dagbag.DagBag","filename":"dagbag.py","lineno":593}
{"timestamp":"2025-10-28T17:11:26.033212Z","level":"warning","event":"The `airflow.operators.python.PythonOperator` attribute is deprecated. Please use `'airflow.providers.standard.operators.python.PythonOperator'`.","category":"DeprecatedImportWarning","filename":"/opt/airflow/dags/travel_airflow.py","lineno":3,"logger":"py.warnings"}
{"timestamp":"2025-10-28T17:11:56.855485Z","level":"info","event":"Filling up the DagBag from /opt/airflow/dags/travel_airflow.py","logger":"airflow.models.dagbag.DagBag","filename":"dagbag.py","lineno":593}
{"timestamp":"2025-10-28T17:12:02.408791Z","level":"warning","event":"The `airflow.operators.python.PythonOperator` attribute is deprecated. Please use `'airflow.providers.standard.operators.python.PythonOperator'`.","category":"DeprecatedImportWarning","filename":"/opt/airflow/dags/travel_airflow.py","lineno":3,"logger":"py.warnings"}
{"timestamp":"2025-10-28T17:12:34.149678Z","level":"info","event":"Filling up the DagBag from /opt/airflow/dags/travel_airflow.py","logger":"airflow.models.dagbag.DagBag","filename":"dagbag.py","lineno":593}
{"timestamp":"2025-10-28T17:12:40.260621Z","level":"warning","event":"The `airflow.operators.python.PythonOperator` attribute is deprecated. Please use `'airflow.providers.standard.operators.python.PythonOperator'`.","category":"DeprecatedImportWarning","filename":"/opt/airflow/dags/travel_airflow.py","lineno":3,"logger":"py.warnings"}
{"timestamp":"2025-10-28T17:13:12.560287Z","level":"info","event":"Filling up the DagBag from /opt/airflow/dags/travel_airflow.py","logger":"airflow.models.dagbag.DagBag","filename":"dagbag.py","lineno":593}
{"timestamp":"2025-10-28T17:13:23.766124Z","level":"warning","event":"The `airflow.operators.python.PythonOperator` attribute is deprecated. Please use `'airflow.providers.standard.operators.python.PythonOperator'`.","category":"DeprecatedImportWarning","filename":"/opt/airflow/dags/travel_airflow.py","lineno":3,"logger":"py.warnings"}
{"timestamp":"2025-10-28T17:13:54.191557Z","level":"info","event":"Filling up the DagBag from /opt/airflow/dags/travel_airflow.py","logger":"airflow.models.dagbag.DagBag","filename":"dagbag.py","lineno":593}
{"timestamp":"2025-10-28T17:13:59.196200Z","level":"warning","event":"The `airflow.operators.python.PythonOperator` attribute is deprecated. Please use `'airflow.providers.standard.operators.python.PythonOperator'`.","category":"DeprecatedImportWarning","filename":"/opt/airflow/dags/travel_airflow.py","lineno":3,"logger":"py.warnings"}
{"timestamp":"2025-10-28T17:14:22.252979Z","level":"info","event":"Filling up the DagBag from /opt/airflow/dags/travel_airflow.py","logger":"airflow.models.dagbag.DagBag","filename":"dagbag.py","lineno":593}
{"timestamp":"2025-10-28T17:14:38.828174Z","level":"warning","event":"The `airflow.operators.python.PythonOperator` attribute is deprecated. Please use `'airflow.providers.standard.operators.python.PythonOperator'`.","category":"DeprecatedImportWarning","filename":"/opt/airflow/dags/travel_airflow.py","lineno":3,"logger":"py.warnings"}
{"timestamp":"2025-10-28T17:15:12.094419Z","level":"info","event":"Filling up the DagBag from /opt/airflow/dags/travel_airflow.py","logger":"airflow.models.dagbag.DagBag","filename":"dagbag.py","lineno":593}
{"timestamp":"2025-10-28T17:15:20.499166Z","level":"warning","event":"The `airflow.operators.python.PythonOperator` attribute is deprecated. Please use `'airflow.providers.standard.operators.python.PythonOperator'`.","category":"DeprecatedImportWarning","filename":"/opt/airflow/dags/travel_airflow.py","lineno":3,"logger":"py.warnings"}
{"timestamp":"2025-10-28T17:15:51.146869Z","level":"info","event":"Filling up the DagBag from /opt/airflow/dags/travel_airflow.py","logger":"airflow.models.dagbag.DagBag","filename":"dagbag.py","lineno":593}
{"timestamp":"2025-10-28T17:15:56.715511Z","level":"warning","event":"The `airflow.operators.python.PythonOperator` attribute is deprecated. Please use `'airflow.providers.standard.operators.python.PythonOperator'`.","category":"DeprecatedImportWarning","filename":"/opt/airflow/dags/travel_airflow.py","lineno":3,"logger":"py.warnings"}
{"timestamp":"2025-10-28T17:16:27.604215Z","level":"info","event":"Filling up the DagBag from /opt/airflow/dags/travel_airflow.py","logger":"airflow.models.dagbag.DagBag","filename":"dagbag.py","lineno":593}
{"timestamp":"2025-10-28T17:16:32.793982Z","level":"warning","event":"The `airflow.operators.python.PythonOperator` attribute is deprecated. Please use `'airflow.providers.standard.operators.python.PythonOperator'`.","category":"DeprecatedImportWarning","filename":"/opt/airflow/dags/travel_airflow.py","lineno":3,"logger":"py.warnings"}
{"timestamp":"2025-10-28T17:17:04.236960Z","level":"info","event":"Filling up the DagBag from /opt/airflow/dags/travel_airflow.py","logger":"airflow.models.dagbag.DagBag","filename":"dagbag.py","lineno":593}
{"timestamp":"2025-10-28T17:17:09.378111Z","level":"warning","event":"The `airflow.operators.python.PythonOperator` attribute is deprecated. Please use `'airflow.providers.standard.operators.python.PythonOperator'`.","category":"DeprecatedImportWarning","filename":"/opt/airflow/dags/travel_airflow.py","lineno":3,"logger":"py.warnings"}
{"timestamp":"2025-10-28T17:17:39.902881Z","level":"info","event":"Filling up the DagBag from /opt/airflow/dags/travel_airflow.py","logger":"airflow.models.dagbag.DagBag","filename":"dagbag.py","lineno":593}
{"timestamp":"2025-10-28T17:17:45.329363Z","level":"warning","event":"The `airflow.operators.python.PythonOperator` attribute is deprecated. Please use `'airflow.providers.standard.operators.python.PythonOperator'`.","category":"DeprecatedImportWarning","filename":"/opt/airflow/dags/travel_airflow.py","lineno":3,"logger":"py.warnings"}
{"timestamp":"2025-10-28T17:18:16.729486Z","level":"info","event":"Filling up the DagBag from /opt/airflow/dags/travel_airflow.py","logger":"airflow.models.dagbag.DagBag","filename":"dagbag.py","lineno":593}
{"timestamp":"2025-10-28T17:18:22.050175Z","level":"warning","event":"The `airflow.operators.python.PythonOperator` attribute is deprecated. Please use `'airflow.providers.standard.operators.python.PythonOperator'`.","category":"DeprecatedImportWarning","filename":"/opt/airflow/dags/travel_airflow.py","lineno":3,"logger":"py.warnings"}
{"timestamp":"2025-10-28T17:18:54.040532Z","level":"info","event":"Filling up the DagBag from /opt/airflow/dags/travel_airflow.py","logger":"airflow.models.dagbag.DagBag","filename":"dagbag.py","lineno":593}
{"timestamp":"2025-10-28T17:19:04.167358Z","level":"warning","event":"The `airflow.operators.python.PythonOperator` attribute is deprecated. Please use `'airflow.providers.standard.operators.python.PythonOperator'`.","category":"DeprecatedImportWarning","filename":"/opt/airflow/dags/travel_airflow.py","lineno":3,"logger":"py.warnings"}
{"timestamp":"2025-10-28T17:19:34.822013Z","level":"info","event":"Filling up the DagBag from /opt/airflow/dags/travel_airflow.py","logger":"airflow.models.dagbag.DagBag","filename":"dagbag.py","lineno":593}
{"timestamp":"2025-10-28T17:19:41.236843Z","level":"warning","event":"The `airflow.operators.python.PythonOperator` attribute is deprecated. Please use `'airflow.providers.standard.operators.python.PythonOperator'`.","category":"DeprecatedImportWarning","filename":"/opt/airflow/dags/travel_airflow.py","lineno":3,"logger":"py.warnings"}
{"timestamp":"2025-10-28T17:20:11.982091Z","level":"info","event":"Filling up the DagBag from /opt/airflow/dags/travel_airflow.py","logger":"airflow.models.dagbag.DagBag","filename":"dagbag.py","lineno":593}
{"timestamp":"2025-10-28T17:20:16.212838Z","level":"warning","event":"The `airflow.operators.python.PythonOperator` attribute is deprecated. Please use `'airflow.providers.standard.operators.python.PythonOperator'`.","category":"DeprecatedImportWarning","filename":"/opt/airflow/dags/travel_airflow.py","lineno":3,"logger":"py.warnings"}
{"timestamp":"2025-10-28T17:20:46.984347Z","level":"info","event":"Filling up the DagBag from /opt/airflow/dags/travel_airflow.py","logger":"airflow.models.dagbag.DagBag","filename":"dagbag.py","lineno":593}
{"timestamp":"2025-10-28T17:20:52.177109Z","level":"warning","event":"The `airflow.operators.python.PythonOperator` attribute is deprecated. Please use `'airflow.providers.standard.operators.python.PythonOperator'`.","category":"DeprecatedImportWarning","filename":"/opt/airflow/dags/travel_airflow.py","lineno":3,"logger":"py.warnings"}
{"timestamp":"2025-10-28T17:21:23.826421Z","level":"info","event":"Filling up the DagBag from /opt/airflow/dags/travel_airflow.py","logger":"airflow.models.dagbag.DagBag","filename":"dagbag.py","lineno":593}
{"timestamp":"2025-10-28T17:21:39.432107Z","level":"warning","event":"The `airflow.operators.python.PythonOperator` attribute is deprecated. Please use `'airflow.providers.standard.operators.python.PythonOperator'`.","category":"DeprecatedImportWarning","filename":"/opt/airflow/dags/travel_airflow.py","lineno":3,"logger":"py.warnings"}
{"timestamp":"2025-10-28T17:22:10.603702Z","level":"info","event":"Filling up the DagBag from /opt/airflow/dags/travel_airflow.py","logger":"airflow.models.dagbag.DagBag","filename":"dagbag.py","lineno":593}
{"timestamp":"2025-10-28T17:22:19.041897Z","level":"warning","event":"The `airflow.operators.python.PythonOperator` attribute is deprecated. Please use `'airflow.providers.standard.operators.python.PythonOperator'`.","category":"DeprecatedImportWarning","filename":"/opt/airflow/dags/travel_airflow.py","lineno":3,"logger":"py.warnings"}
{"timestamp":"2025-10-28T17:22:50.084373Z","level":"info","event":"Filling up the DagBag from /opt/airflow/dags/travel_airflow.py","logger":"airflow.models.dagbag.DagBag","filename":"dagbag.py","lineno":593}
{"timestamp":"2025-10-28T17:22:57.951546Z","level":"warning","event":"The `airflow.operators.python.PythonOperator` attribute is deprecated. Please use `'airflow.providers.standard.operators.python.PythonOperator'`.","category":"DeprecatedImportWarning","filename":"/opt/airflow/dags/travel_airflow.py","lineno":3,"logger":"py.warnings"}
{"timestamp":"2025-10-28T17:23:31.383716Z","level":"info","event":"Filling up the DagBag from /opt/airflow/dags/travel_airflow.py","logger":"airflow.models.dagbag.DagBag","filename":"dagbag.py","lineno":593}
{"timestamp":"2025-10-28T17:23:38.058255Z","level":"warning","event":"The `airflow.operators.python.PythonOperator` attribute is deprecated. Please use `'airflow.providers.standard.operators.python.PythonOperator'`.","category":"DeprecatedImportWarning","filename":"/opt/airflow/dags/travel_airflow.py","lineno":3,"logger":"py.warnings"}
{"timestamp":"2025-10-28T17:24:08.809465Z","level":"info","event":"Filling up the DagBag from /opt/airflow/dags/travel_airflow.py","logger":"airflow.models.dagbag.DagBag","filename":"dagbag.py","lineno":593}
{"timestamp":"2025-10-28T17:24:18.214972Z","level":"warning","event":"The `airflow.operators.python.PythonOperator` attribute is deprecated. Please use `'airflow.providers.standard.operators.python.PythonOperator'`.","category":"DeprecatedImportWarning","filename":"/opt/airflow/dags/travel_airflow.py","lineno":3,"logger":"py.warnings"}
{"timestamp":"2025-10-28T17:24:50.224469Z","level":"info","event":"Filling up the DagBag from /opt/airflow/dags/travel_airflow.py","logger":"airflow.models.dagbag.DagBag","filename":"dagbag.py","lineno":593}
{"timestamp":"2025-10-28T17:24:55.956371Z","level":"warning","event":"The `airflow.operators.python.PythonOperator` attribute is deprecated. Please use `'airflow.providers.standard.operators.python.PythonOperator'`.","category":"DeprecatedImportWarning","filename":"/opt/airflow/dags/travel_airflow.py","lineno":3,"logger":"py.warnings"}
{"timestamp":"2025-10-28T17:25:26.751025Z","level":"info","event":"Filling up the DagBag from /opt/airflow/dags/travel_airflow.py","logger":"airflow.models.dagbag.DagBag","filename":"dagbag.py","lineno":593}
{"timestamp":"2025-10-28T17:25:32.823536Z","level":"warning","event":"The `airflow.operators.python.PythonOperator` attribute is deprecated. Please use `'airflow.providers.standard.operators.python.PythonOperator'`.","category":"DeprecatedImportWarning","filename":"/opt/airflow/dags/travel_airflow.py","lineno":3,"logger":"py.warnings"}
{"timestamp":"2025-10-28T17:26:03.774849Z","level":"info","event":"Filling up the DagBag from /opt/airflow/dags/travel_airflow.py","logger":"airflow.models.dagbag.DagBag","filename":"dagbag.py","lineno":593}
{"timestamp":"2025-10-28T17:26:14.488134Z","level":"warning","event":"The `airflow.operators.python.PythonOperator` attribute is deprecated. Please use `'airflow.providers.standard.operators.python.PythonOperator'`.","category":"DeprecatedImportWarning","filename":"/opt/airflow/dags/travel_airflow.py","lineno":3,"logger":"py.warnings"}
{"timestamp":"2025-10-28T17:26:30.434743Z","level":"info","event":"Filling up the DagBag from /opt/airflow/dags/travel_airflow.py","logger":"airflow.models.dagbag.DagBag","filename":"dagbag.py","lineno":593}
{"timestamp":"2025-10-28T17:27:07.963223Z","level":"error","event":"Process timed out, PID: 571","logger":"airflow.models.dagbag","filename":"dagbag.py","lineno":134}
{"timestamp":"2025-10-28T17:27:08.242297Z","level":"error","event":"Exception ignored in: <function WeakSet.__init__.<locals>._remove at 0x7878cea798a0>","logger":"task.stderr"}
{"timestamp":"2025-10-28T17:27:08.243739Z","level":"error","event":"Traceback (most recent call last):","logger":"task.stderr"}
{"timestamp":"2025-10-28T17:27:08.244640Z","level":"error","event":"  File \"/usr/python/lib/python3.12/_weakrefset.py\", line 39, in _remove","logger":"task.stderr"}
{"timestamp":"2025-10-28T17:27:08.245930Z","level":"error","event":"    def _remove(item, selfref=ref(self)):","logger":"task.stderr"}
{"timestamp":"2025-10-28T17:27:08.248623Z","level":"error","event":"","logger":"task.stderr"}
{"timestamp":"2025-10-28T17:27:08.251695Z","level":"error","event":"  File \"/home/airflow/.local/lib/python3.12/site-packages/airflow/models/dagbag.py\", line 135, in handle_timeout","logger":"task.stderr"}
{"timestamp":"2025-10-28T17:27:08.253224Z","level":"error","event":"    raise AirflowTaskTimeout(error_message)","logger":"task.stderr"}
{"timestamp":"2025-10-28T17:27:08.254990Z","level":"error","event":"airflow.exceptions.AirflowTaskTimeout: DagBag import timeout for /opt/airflow/dags/travel_airflow.py after 30.0s.","logger":"task.stderr"}
{"timestamp":"2025-10-28T17:27:08.259641Z","level":"error","event":"Please take a look at these docs to improve your DAG import time:","logger":"task.stderr"}
{"timestamp":"2025-10-28T17:27:08.260488Z","level":"error","event":"* https://airflow.apache.org/docs/apache-airflow/3.1.1/best-practices.html#top-level-python-code","logger":"task.stderr"}
{"timestamp":"2025-10-28T17:27:08.262449Z","level":"error","event":"* https://airflow.apache.org/docs/apache-airflow/3.1.1/best-practices.html#reducing-dag-complexity, PID: 571","logger":"task.stderr"}
{"timestamp":"2025-10-28T17:27:10.777731Z","level":"warning","event":"The `airflow.operators.python.PythonOperator` attribute is deprecated. Please use `'airflow.providers.standard.operators.python.PythonOperator'`.","category":"DeprecatedImportWarning","filename":"/opt/airflow/dags/travel_airflow.py","lineno":3,"logger":"py.warnings"}
{"timestamp":"2025-10-28T17:27:41.537202Z","level":"info","event":"Filling up the DagBag from /opt/airflow/dags/travel_airflow.py","logger":"airflow.models.dagbag.DagBag","filename":"dagbag.py","lineno":593}
{"timestamp":"2025-10-28T17:27:46.917611Z","level":"warning","event":"The `airflow.operators.python.PythonOperator` attribute is deprecated. Please use `'airflow.providers.standard.operators.python.PythonOperator'`.","category":"DeprecatedImportWarning","filename":"/opt/airflow/dags/travel_airflow.py","lineno":3,"logger":"py.warnings"}
{"timestamp":"2025-10-28T17:28:17.533952Z","level":"info","event":"Filling up the DagBag from /opt/airflow/dags/travel_airflow.py","logger":"airflow.models.dagbag.DagBag","filename":"dagbag.py","lineno":593}
{"timestamp":"2025-10-28T17:28:31.395346Z","level":"warning","event":"The `airflow.operators.python.PythonOperator` attribute is deprecated. Please use `'airflow.providers.standard.operators.python.PythonOperator'`.","category":"DeprecatedImportWarning","filename":"/opt/airflow/dags/travel_airflow.py","lineno":3,"logger":"py.warnings"}
{"timestamp":"2025-10-28T17:29:02.455263Z","level":"info","event":"Filling up the DagBag from /opt/airflow/dags/travel_airflow.py","logger":"airflow.models.dagbag.DagBag","filename":"dagbag.py","lineno":593}
{"timestamp":"2025-10-28T17:29:17.690966Z","level":"warning","event":"The `airflow.operators.python.PythonOperator` attribute is deprecated. Please use `'airflow.providers.standard.operators.python.PythonOperator'`.","category":"DeprecatedImportWarning","filename":"/opt/airflow/dags/travel_airflow.py","lineno":3,"logger":"py.warnings"}
{"timestamp":"2025-10-28T17:29:48.687367Z","level":"info","event":"Filling up the DagBag from /opt/airflow/dags/travel_airflow.py","logger":"airflow.models.dagbag.DagBag","filename":"dagbag.py","lineno":593}
{"timestamp":"2025-10-28T17:29:55.318939Z","level":"warning","event":"The `airflow.operators.python.PythonOperator` attribute is deprecated. Please use `'airflow.providers.standard.operators.python.PythonOperator'`.","category":"DeprecatedImportWarning","filename":"/opt/airflow/dags/travel_airflow.py","lineno":3,"logger":"py.warnings"}
{"timestamp":"2025-10-28T17:30:26.411069Z","level":"info","event":"Filling up the DagBag from /opt/airflow/dags/travel_airflow.py","logger":"airflow.models.dagbag.DagBag","filename":"dagbag.py","lineno":593}
{"timestamp":"2025-10-28T17:30:49.616879Z","level":"warning","event":"The `airflow.operators.python.PythonOperator` attribute is deprecated. Please use `'airflow.providers.standard.operators.python.PythonOperator'`.","category":"DeprecatedImportWarning","filename":"/opt/airflow/dags/travel_airflow.py","lineno":3,"logger":"py.warnings"}
{"timestamp":"2025-10-28T17:31:02.434545Z","level":"info","event":"Filling up the DagBag from /opt/airflow/dags/travel_airflow.py","logger":"airflow.models.dagbag.DagBag","filename":"dagbag.py","lineno":593}
{"timestamp":"2025-10-28T17:31:15.489370Z","level":"warning","event":"The `airflow.operators.python.PythonOperator` attribute is deprecated. Please use `'airflow.providers.standard.operators.python.PythonOperator'`.","category":"DeprecatedImportWarning","filename":"/opt/airflow/dags/travel_airflow.py","lineno":3,"logger":"py.warnings"}
{"timestamp":"2025-10-28T17:31:50.199728Z","level":"info","event":"Filling up the DagBag from /opt/airflow/dags/travel_airflow.py","logger":"airflow.models.dagbag.DagBag","filename":"dagbag.py","lineno":593}
{"timestamp":"2025-10-28T17:31:58.962895Z","level":"warning","event":"The `airflow.operators.python.PythonOperator` attribute is deprecated. Please use `'airflow.providers.standard.operators.python.PythonOperator'`.","category":"DeprecatedImportWarning","filename":"/opt/airflow/dags/travel_airflow.py","lineno":3,"logger":"py.warnings"}
{"timestamp":"2025-10-28T17:32:29.803381Z","level":"info","event":"Filling up the DagBag from /opt/airflow/dags/travel_airflow.py","logger":"airflow.models.dagbag.DagBag","filename":"dagbag.py","lineno":593}
{"timestamp":"2025-10-28T17:32:37.221029Z","level":"warning","event":"The `airflow.operators.python.PythonOperator` attribute is deprecated. Please use `'airflow.providers.standard.operators.python.PythonOperator'`.","category":"DeprecatedImportWarning","filename":"/opt/airflow/dags/travel_airflow.py","lineno":3,"logger":"py.warnings"}
{"timestamp":"2025-10-28T17:33:10.125527Z","level":"info","event":"Filling up the DagBag from /opt/airflow/dags/travel_airflow.py","logger":"airflow.models.dagbag.DagBag","filename":"dagbag.py","lineno":593}
{"timestamp":"2025-10-28T17:33:23.953206Z","level":"warning","event":"The `airflow.operators.python.PythonOperator` attribute is deprecated. Please use `'airflow.providers.standard.operators.python.PythonOperator'`.","category":"DeprecatedImportWarning","filename":"/opt/airflow/dags/travel_airflow.py","lineno":3,"logger":"py.warnings"}
{"timestamp":"2025-10-28T17:33:56.326660Z","level":"info","event":"Filling up the DagBag from /opt/airflow/dags/travel_airflow.py","logger":"airflow.models.dagbag.DagBag","filename":"dagbag.py","lineno":593}
{"timestamp":"2025-10-28T17:34:11.267774Z","level":"warning","event":"The `airflow.operators.python.PythonOperator` attribute is deprecated. Please use `'airflow.providers.standard.operators.python.PythonOperator'`.","category":"DeprecatedImportWarning","filename":"/opt/airflow/dags/travel_airflow.py","lineno":3,"logger":"py.warnings"}
